******************************************************************************
                  TI ARM Linker PC v16.9.4                     
******************************************************************************
>> Linked Thu Feb 15 21:16:46 2018

OUTPUT FILE NAME:   <PROYECTO_HUERTO.out>
ENTRY POINT SYMBOL: "_c_int00"  address: 00019c89


MEMORY CONFIGURATION

         name            origin    length      used     unused   attr    fill
----------------------  --------  ---------  --------  --------  ----  --------
  FLASH                 00000000   00100000  00032786  000cd87a  R  X
  SRAM                  20000000   00040000  00001bde  0003e422  RW X


SEGMENT ALLOCATION MAP

run origin  load origin   length   init length attrs members
----------  ----------- ---------- ----------- ----- -------
00000000    00000000    00032790   00032790    r-x
  00000000    00000000    00000208   00000208    r-- .intvecs
  00000208    00000208    0001a1ea   0001a1ea    r-x .text
  0001a3f8    0001a3f8    0001831c   0001831c    r-- .const
  00032718    00032718    00000078   00000078    r-- .cinit
20000000    20000000    00001be0   00000000    rw-
  20000000    20000000    0000026c   00000000    rw- .vtable
  2000026c    2000026c    00000ca6   00000000    rw- .bss
  20000f14    20000f14    00000800   00000000    rw- .stack
  20001714    20001714    000004cc   00000000    rw- .data


SECTION ALLOCATION MAP

 output                                  attributes/
section   page    origin      length       input sections
--------  ----  ----------  ----------   ----------------
.intvecs   0    00000000    00000208     
                  00000000    00000208     tm4c1294ncpdt_startup_ccs.obj (.intvecs)

.text      0    00000208    0001a1ea     
                  00000208    0000d5d0     SENSORLIB2.lib : bmi160.obj (.text)
                  0000d7d8    000042fc     main.obj (.text)
                  00011ad4    00001e2c     SENSORLIB2.lib : bme280.obj (.text)
                  00013900    0000113e     rtsv7M4_T_le_v4SPD16_eabi.lib : _printfi.obj (.text)
                  00014a3e    00000002                                   : i_div0.obj (.text)
                  00014a40    00000e74     ft800_TIVA.obj (.text)
                  000158b4    00000c44     SENSORLIB2.lib : bmi160_support.obj (.text)
                  000164f8    00000738     rtsv7M4_T_le_v4SPD16_eabi.lib : k_rem_pio2.obj (.text)
                  00016c30    000005dc                                   : s_cos.obj (.text)
                  0001720c    000005c4                                   : s_sin.obj (.text)
                  000177d0    0000049c     uartstdio.obj (.text)
                  00017c6c    000003f4     SENSORLIB2.lib : HAL_I2C.obj (.text)
                  00018060    0000028c                    : bme280_support.obj (.text)
                  000182ec    0000021e     rtsv7M4_T_le_v4SPD16_eabi.lib : ll_div_t2.obj (.text)
                  0001850a    00000002                                   : l_div0.obj (.text)
                  0001850c    000001fc                                   : s_exp2.obj (.text)
                  00018708    000001f4                                   : ull_div_t2.obj (.text)
                  000188fc    000001ec     driverlib.lib : sysctl.obj (.text:SysCtlClockFreqSet)
                  00018ae8    000001b6     rtsv7M4_T_le_v4SPD16_eabi.lib : fd_add_t2.obj (.text)
                  00018c9e    00000002                                   : mpu_init.obj (.text)
                  00018ca0    00000174                                   : k_sin.obj (.text)
                  00018e14    0000016c                                   : k_cos.obj (.text)
                  00018f80    00000136                                   : fd_div_t2.obj (.text)
                  000190b6    00000132     driverlib.lib : gpio.obj (.text:GPIOPadConfigSet)
                  000191e8    00000120     SENSORLIB2.lib : HAL_tmp007.obj (.text)
                  00019308    000000fc     rtsv7M4_T_le_v4SPD16_eabi.lib : fd_mul_t2.obj (.text)
                  00019404    000000fc                                   : s_scalbn.obj (.text)
                  00019500    000000f8                                   : s_floor.obj (.text)
                  000195f8    000000d8     SENSORLIB2.lib : HAL_OPT3001.obj (.text)
                  000196d0    000000c0     rtsv7M4_T_le_v4SPD16_eabi.lib : s_round.obj (.text)
                  00019790    0000009c                                   : memcpy_t2.obj (.text)
                  0001982c    00000086                                   : fd_cmp_t2.obj (.text:__aeabi_cdcmple)
                  000198b2    00000086                                   : fd_cmp_t2.obj (.text:__aeabi_cdrcmple)
                  00019938    0000007a                                   : memset_t2.obj (.text)
                  000199b2    00000002                                   : startup.obj (.text)
                  000199b4    00000070                                   : autoinit.obj (.text)
                  00019a24    0000006e                                   : fd_tos_t2.obj (.text)
                  00019a92    00000002     --HOLE-- [fill = 0]
                  00019a94    00000068     driverlib.lib : interrupt.obj (.text:IntEnable)
                  00019afc    00000068     rtsv7M4_T_le_v4SPD16_eabi.lib : copy_decompress_lzss.obj (.text:decompress:lzss)
                  00019b64    00000064                                   : s_frexp.obj (.text)
                  00019bc8    00000060     driverlib.lib : timer.obj (.text:TimerConfigure)
                  00019c28    00000060     rtsv7M4_T_le_v4SPD16_eabi.lib : sprintf.obj (.text)
                  00019c88    00000054                                   : boot.obj (.text)
                  00019cdc    00000054                                   : exit.obj (.text)
                  00019d30    00000054                                   : ltoa.obj (.text)
                  00019d84    0000004c     driverlib.lib : i2c.obj (.text:I2CMasterInitExpClk)
                  00019dd0    0000004c                   : timer.obj (.text:_TimerIntNumberGet)
                  00019e1c    0000004c     rtsv7M4_T_le_v4SPD16_eabi.lib : atoi.obj (.text)
                  00019e68    0000004c                                   : cpy_tbl.obj (.text)
                  00019eb4    00000048     driverlib.lib : gpio.obj (.text:GPIOPinConfigure)
                  00019efc    00000048                   : sysctl.obj (.text:_SysCtlFrequencyGet)
                  00019f44    00000048     rtsv7M4_T_le_v4SPD16_eabi.lib : fd_toi_t2.obj (.text)
                  00019f8c    00000046     driverlib.lib : uart.obj (.text:UARTConfigSetExpClk)
                  00019fd2    00000040     rtsv7M4_T_le_v4SPD16_eabi.lib : u_divt2.obj (.text)
                  0001a012    0000003c     driverlib.lib : ssi.obj (.text:SSIConfigSetExpClk)
                  0001a04e    00000002     --HOLE-- [fill = 0]
                  0001a050    00000038                   : sysctl.obj (.text:SysCtlPeripheralPresent)
                  0001a088    00000038     rtsv7M4_T_le_v4SPD16_eabi.lib : fs_tod_t2.obj (.text)
                  0001a0c0    00000034     driverlib.lib : interrupt.obj (.text:IntRegister)
                  0001a0f4    00000034                   : sysctl.obj (.text:SysCtlPeripheralEnable)
                  0001a128    0000002e     rtsv7M4_T_le_v4SPD16_eabi.lib : i_tofd_t2.obj (.text)
                  0001a156    0000002a     driverlib.lib : gpio.obj (.text:GPIODirModeSet)
                  0001a180    00000020                   : uart.obj (.text:UARTDisable)
                  0001a1a0    00000020                   : sysctl.obj (.text:_SysCtlMemTimingGet)
                  0001a1c0    00000020     rtsv7M4_T_le_v4SPD16_eabi.lib : u_tofd_t2.obj (.text)
                  0001a1e0    0000001c                                   : memccpy.obj (.text)
                  0001a1fc    00000018     driverlib.lib : gpio.obj (.text:GPIOPinTypeGPIOOutput)
                  0001a214    00000018                   : timer.obj (.text:TimerIntRegister)
                  0001a22c    00000018     rtsv7M4_T_le_v4SPD16_eabi.lib : args_main.obj (.text)
                  0001a244    00000018                                   : ll_mul_t2.obj (.text)
                  0001a25c    00000016                                   : strchr.obj (.text)
                  0001a272    00000014     driverlib.lib : uart.obj (.text:UARTEnable)
                  0001a286    00000002     --HOLE-- [fill = 0]
                  0001a288    00000014     rtsv7M4_T_le_v4SPD16_eabi.lib : _lock.obj (.text)
                  0001a29c    00000014                                   : s_copysign.obj (.text)
                  0001a2b0    00000014                                   : strlen.obj (.text)
                  0001a2c4    00000012     driverlib.lib : gpio.obj (.text:GPIOPinTypeI2C)
                  0001a2d6    00000012                   : gpio.obj (.text:GPIOPinTypeI2CSCL)
                  0001a2e8    00000012                   : gpio.obj (.text:GPIOPinTypeSSI)
                  0001a2fa    00000012                   : gpio.obj (.text:GPIOPinTypeUART)
                  0001a30c    00000012                   : timer.obj (.text:TimerLoadSet)
                  0001a31e    00000010                   : interrupt.obj (.text:IntMasterEnable)
                  0001a32e    0000000e                   : timer.obj (.text:TimerEnable)
                  0001a33c    0000000e     rtsv7M4_T_le_v4SPD16_eabi.lib : copy_decompress_none.obj (.text:decompress:none)
                  0001a34a    0000000c     driverlib.lib : cpu.obj (.text:CPUcpsie)
                  0001a356    0000000c                   : ssi.obj (.text:SSIDataGet)
                  0001a362    0000000c     rtsv7M4_T_le_v4SPD16_eabi.lib : copy_zero_init.obj (.text:decompress:ZI)
                  0001a36e    0000000c     tm4c1294ncpdt_startup_ccs.obj (.text)
                  0001a37a    0000000a     driverlib.lib : i2c.obj (.text:I2CMasterEnable)
                  0001a384    0000000a                   : ssi.obj (.text:SSIDataPut)
                  0001a38e    0000000a                   : ssi.obj (.text:SSIEnable)
                  0001a398    0000000a                   : uart.obj (.text:UARTCharGet)
                  0001a3a2    0000000a                   : uart.obj (.text:UARTCharPut)
                  0001a3ac    00000008                   : i2c.obj (.text:I2CMasterBusy)
                  0001a3b4    00000008                   : i2c.obj (.text:I2CMasterSlaveAddrSet)
                  0001a3bc    00000008                   : ssi.obj (.text:SSIBusy)
                  0001a3c4    00000008                   : timer.obj (.text:TimerIntEnable)
                  0001a3cc    00000006                   : gpio.obj (.text:GPIOPinWrite)
                  0001a3d2    00000006                   : sysctl.obj (.text:SysCtlDelay)
                  0001a3d8    00000006                   : timer.obj (.text:TimerClockSourceSet)
                  0001a3de    00000004                   : i2c.obj (.text:I2CMasterControl)
                  0001a3e2    00000004                   : i2c.obj (.text:I2CMasterDataGet)
                  0001a3e6    00000004                   : i2c.obj (.text:I2CMasterDataPut)
                  0001a3ea    00000004                   : timer.obj (.text:TimerIntClear)
                  0001a3ee    00000004     rtsv7M4_T_le_v4SPD16_eabi.lib : pre_init.obj (.text)

.const     0    0001a3f8    0001831c     
                  0001a3f8    00012c00     main.obj (.const:.string:huerto_RawData)
                  0002cff8    00001000     main.obj (.const:.string:batata_RawData)
                  0002dff8    00001000     main.obj (.const:.string:girasol_RawData)
                  0002eff8    00001000     main.obj (.const:.string:lirio_RawData)
                  0002fff8    00001000     main.obj (.const:.string:tomate_RawData)
                  00030ff8    00001000     rtsv7M4_T_le_v4SPD16_eabi.lib : s_exp2.obj (.const:tbl)
                  00031ff8    000001b0     driverlib.lib : sysctl.obj (.const:g_pppui32XTALtoVCO)
                  000321a8    00000158     rtsv7M4_T_le_v4SPD16_eabi.lib : k_rem_pio2.obj (.const:$O1$$)
                  00032300    00000101                                   : ctype.obj (.const:.string:_ctypes_)
                  00032401    00000003     SENSORLIB2.lib : bmi160.obj (.const:.string:INVALID_OFFSET)
                  00032404    00000090     driverlib.lib : gpio.obj (.const:g_pui32GPIOBaseAddrs)
                  00032494    00000070                   : interrupt.obj (.const)
                  00032504    0000006c                   : sysctl.obj (.const:g_pui32Xtals)
                  00032570    00000064     main.obj (.const:RawData_Header)
                  000325d4    00000060     driverlib.lib : timer.obj (.const:g_ppui32TimerIntMap)
                  00032634    00000040                   : timer.obj (.const:g_ppui32TimerIntMapSnowflake)
                  00032674    00000030                   : sysctl.obj (.const:g_sXTALtoMEMTIM)
                  000326a4    00000018     main.obj (.const:REG_CAL)
                  000326bc    00000012     uartstdio.obj (.const:.string)
                  000326ce    00000002     --HOLE-- [fill = 0]
                  000326d0    0000000c     uartstdio.obj (.const:g_ui32UARTBase)
                  000326dc    0000000c     uartstdio.obj (.const:g_ui32UARTPeriph)
                  000326e8    0000000c     SENSORLIB2.lib : bmi160.obj (.const:yas532_version_ac_coef)
                  000326f4    00000008     driverlib.lib : sysctl.obj (.const)
                  000326fc    00000008     SENSORLIB2.lib : bmi160.obj (.const:v_calib_data$2)
                  00032704    00000005                    : bme280_support.obj (.const:.string:$P$T0$1)
                  00032709    00000005                    : bmi160.obj (.const:.string:v_correct_u8$1)
                  0003270e    00000002     --HOLE-- [fill = 0]
                  00032710    00000004     uartstdio.obj (.const)

.cinit     0    00032718    00000078     
                  00032718    00000042     (.cinit..data.load) [load image, compression = lzss]
                  0003275a    00000002     --HOLE-- [fill = 0]
                  0003275c    0000000c     (__TI_handler_table)
                  00032768    00000008     (.cinit..bss.load) [load image, compression = zero_init]
                  00032770    00000008     (.cinit..vtable.load) [load image, compression = zero_init]
                  00032778    00000018     (__TI_cinit_table)

.init_array 
*          0    00000000    00000000     UNINITIALIZED

.vtable    0    20000000    0000026c     UNINITIALIZED
                  20000000    0000026c     driverlib.lib : interrupt.obj (.vtable)

.bss       0    2000026c    00000ca6     UNINITIALIZED
                  2000026c    0000036c     (.common:accel_fifo)
                  200005d8    0000036c     (.common:gyro_fifo)
                  20000944    0000036c     (.common:mag_fifo)
                  20000cb0    00000070     SENSORLIB2.lib : bmi160.obj (.bss:yas532_data)
                  20000d20    00000064     (.common:buffer)
                  20000d84    00000050     (.common:string)
                  20000dd4    0000003c     (.common:bme280)
                  20000e10    00000034     (.common:bufplaca)
                  20000e44    00000014     (.common:s_bmi160)
                  20000e58    00000010                    : bmi160.obj (.bss:mag_trim)
                  20000e68    0000000c     (.common:s_magcompXYZ)
                  20000e74    00000006     (.common:accelxyz)
                  20000e7a    00000006     (.common:gyroxyz)
                  20000e80    00000006     (.common:s_accelXYZ)
                  20000e86    00000006     (.common:s_gyroXYZ)
                  20000e8c    00000004                    : bmi160.obj (.bss)
                  20000e90    00000004     (.common:BufferXY)
                  20000e94    00000004     (.common:CS_PIN)
                  20000e98    00000004     (.common:CS_PORT)
                  20000e9c    00000004     (.common:H_act)
                  20000ea0    00000004     (.common:I2C_Base)
                  20000ea4    00000004     (.common:PD_PIN)
                  20000ea8    00000004     (.common:PD_PORT)
                  20000eac    00000004     (.common:POSX)
                  20000eb0    00000004     (.common:POSY)
                  20000eb4    00000004     (.common:P_act)
                  20000eb8    00000004     (.common:RELOJ)
                  20000ebc    00000004     (.common:SSI_BASE)
                  20000ec0    00000004     (.common:T_act)
                  20000ec4    00000004     (.common:T_amb_i)
                  20000ec8    00000004     (.common:T_obj_i)
                  20000ecc    00000004     (.common:Tf_amb)
                  20000ed0    00000004     (.common:Tf_obj)
                  20000ed4    00000004     (.common:Tfinal)
                  20000ed8    00000004     (.common:lux)
                  20000edc    00000004     (.common:lux_i)
                  20000ee0    00000004     (.common:p_bme280)
                  20000ee4    00000004     (.common:pulsado_atras)
                  20000ee8    00000004     (.common:pulsado_automatico)
                  20000eec    00000004     (.common:pulsado_info)
                  20000ef0    00000004     (.common:pulsado_manual)
                  20000ef4    00000004     (.common:pulsado_riego)
                  20000ef8    00000004     (.common:pulsado_toldo)
                  20000efc    00000004     (.common:returnRslt)
                  20000f00    00000003                    : bmi160.obj (.bss:akm_asa_data)
                  20000f03    00000003     (.common:diff)
                  20000f06    00000003     (.common:horariego)
                  20000f09    00000003     (.common:temp)
                  20000f0c    00000002                    : HAL_tmp007.obj (.bss)
                  20000f0e    00000002     (.common:T_amb)
                  20000f10    00000002     (.common:T_obj)

.stack     0    20000f14    00000800     UNINITIALIZED
                  20000f14    00000800     --HOLE--

.data      0    20001714    000004cc     UNINITIALIZED
                  20001714    00000400     SENSORLIB2.lib : bmi160.obj (.data:v_fifo_data_u8)
                  20001b14    00000050     main.obj (.data)
                  20001b64    00000040     main.obj (.data:Paso)
                  20001ba4    00000010     main.obj (.data:PinM)
                  20001bb4    0000000c     rtsv7M4_T_le_v4SPD16_eabi.lib : exit.obj (.data:$O1$$)
                  20001bc0    00000008                                   : _lock.obj (.data:$O1$$)
                  20001bc8    00000008     SENSORLIB2.lib : bmi160.obj (.data)
                  20001bd0    00000005     uartstdio.obj (.data)
                  20001bd5    00000003     --HOLE--
                  20001bd8    00000004     rtsv7M4_T_le_v4SPD16_eabi.lib : errno.obj (.data)
                  20001bdc    00000004                                   : stkdepth_vars.obj (.data)

MODULE SUMMARY

       Module                          code     ro data   rw data
       ------                          ----     -------   -------
    .\
       main.obj                        17148    93308     573    
       ft800_TIVA.obj                  3700     0         20     
       uartstdio.obj                   1180     46        5      
       tm4c1294ncpdt_startup_ccs.obj   12       520       0      
    +--+-------------------------------+--------+---------+---------+
       Total:                          22040    93874     598    
                                                                 
    C:/ti/TivaWare_C_Series-2.1.3.156/driverlib/ccs/Debug/driverlib.lib
       sysctl.obj                      710      596       0      
       interrupt.obj                   172      112       620    
       gpio.obj                        522      144       0      
       timer.obj                       246      160       0      
       uart.obj                        142      0         0      
       i2c.obj                         114      0         0      
       ssi.obj                         100      0         0      
       cpu.obj                         12       0         0      
    +--+-------------------------------+--------+---------+---------+
       Total:                          2018     1012      620    
                                                                 
    C:/ti/sensorlib2/SENSORLIB2.lib
       bmi160.obj                      54736    28        3795   
       bme280.obj                      7724     0         4      
       bmi160_support.obj              3140     0         32     
       HAL_I2C.obj                     1012     0         4      
       bme280_support.obj              652      5         0      
       HAL_tmp007.obj                  288      0         2      
       HAL_OPT3001.obj                 216      0         0      
    +--+-------------------------------+--------+---------+---------+
       Total:                          67768    33        3837   
                                                                 
    C:\ti\ccsv7\tools\compiler\ti-cgt-arm_16.9.4.LTS\lib\rtsv7M4_T_le_v4SPD16_eabi.lib
       s_exp2.obj                      508      4096      0      
       _printfi.obj                    4414     0         0      
       k_rem_pio2.obj                  1848     344       0      
       s_cos.obj                       1500     0         0      
       s_sin.obj                       1476     0         0      
       ll_div_t2.obj                   542      0         0      
       ull_div_t2.obj                  500      0         0      
       fd_add_t2.obj                   438      0         0      
       k_sin.obj                       372      0         0      
       k_cos.obj                       364      0         0      
       fd_div_t2.obj                   310      0         0      
       fd_cmp_t2.obj                   268      0         0      
       ctype.obj                       0        257       0      
       fd_mul_t2.obj                   252      0         0      
       s_scalbn.obj                    252      0         0      
       s_floor.obj                     248      0         0      
       s_round.obj                     192      0         0      
       memcpy_t2.obj                   156      0         0      
       memset_t2.obj                   122      0         0      
       autoinit.obj                    112      0         0      
       fd_tos_t2.obj                   110      0         0      
       copy_decompress_lzss.obj        104      0         0      
       s_frexp.obj                     100      0         0      
       exit.obj                        84       0         12     
       sprintf.obj                     96       0         0      
       boot.obj                        84       0         0      
       ltoa.obj                        84       0         0      
       atoi.obj                        76       0         0      
       cpy_tbl.obj                     76       0         0      
       fd_toi_t2.obj                   72       0         0      
       u_divt2.obj                     64       0         0      
       fs_tod_t2.obj                   56       0         0      
       i_tofd_t2.obj                   46       0         0      
       u_tofd_t2.obj                   32       0         0      
       _lock.obj                       20       0         8      
       memccpy.obj                     28       0         0      
       args_main.obj                   24       0         0      
       ll_mul_t2.obj                   24       0         0      
       strchr.obj                      22       0         0      
       s_copysign.obj                  20       0         0      
       strlen.obj                      20       0         0      
       copy_decompress_none.obj        14       0         0      
       copy_zero_init.obj              12       0         0      
       errno.obj                       0        0         4      
       pre_init.obj                    4        0         0      
       stkdepth_vars.obj               0        0         4      
       i_div0.obj                      2        0         0      
       l_div0.obj                      2        0         0      
       mpu_init.obj                    2        0         0      
       startup.obj                     2        0         0      
    +--+-------------------------------+--------+---------+---------+
       Total:                          15154    4697      28     
                                                                 
       Stack:                          0        0         2048   
       Linker Generated:               0        118       0      
    +--+-------------------------------+--------+---------+---------+
       Grand Total:                    106980   99734     7131   


LINKER GENERATED COPY TABLES

__TI_cinit_table @ 00032778 records: 3, size/record: 8, table size: 24
	.data: load addr=00032718, load size=00000042 bytes, run addr=20001714, run size=000004cc bytes, compression=lzss
	.bss: load addr=00032768, load size=00000008 bytes, run addr=2000026c, run size=00000ca6 bytes, compression=zero_init
	.vtable: load addr=00032770, load size=00000008 bytes, run addr=20000000, run size=0000026c bytes, compression=zero_init


LINKER GENERATED HANDLER TABLE

__TI_handler_table @ 0003275c records: 3, size/record: 4, table size: 12
	index: 0, handler: __TI_zero_init
	index: 1, handler: __TI_decompress_lzss
	index: 2, handler: __TI_decompress_none


GLOBAL SYMBOLS: SORTED ALPHABETICALLY BY Name 

address   name                                                  
-------   ----                                                  
000181ab  BME280_I2C_bus_read                                   
0001817f  BME280_I2C_bus_write                                  
000181d7  BME280_SPI_bus_read                                   
0001823d  BME280_SPI_bus_write                                  
000182ad  BME280_delay_msek                                     
20001b30  BME_on                                                
20000e90  BufferXY                                              
00019cdd  C$$EXIT                                               
20001b48  CMD_Offset                                            
0001a34b  CPUcpsie                                              
20000e94  CS_PIN                                                
20000e98  CS_PORT                                               
000156a9  Calibra_touch                                         
00015569  ComBgcolor                                            
000155c1  ComButton                                             
0001508b  ComColor                                              
00014f21  ComEsperaFin                                          
00015527  ComFgcolor                                            
00015717  ComGradient                                           
00015659  ComLineWidth                                          
00015117  ComNum                                                
00015675  ComPointSize                                          
000154dd  ComScrollbar                                          
000150c5  ComTXT                                                
00015153  ComTeclas                                             
0000fcc9  ComTermometro                                         
00015043  ComVertex2ff                                          
00015015  Comando                                               
00017c6d  Conf_Boosterpack                                      
00014bdf  Delay                                                 
20001b20  DevID                                                 
000151fd  Dibuja                                                
0001078d  DibujaDeposito                                        
0000f541  Dibuja_M_automatico                                   
0000e531  Dibuja_pantalla_automatica                            
0000e3c9  Dibuja_pantalla_inicial                               
0000f799  Dibuja_pantalla_manual                                
0000fa7d  Dibuja_pantalla_medidas                               
0000e305  Dibuja_pantalla_presentaci_u00f3n                     
0000e6f9  Dibuja_planta1                                        
0000ed01  Dibuja_planta2                                        
0000ef6d  Dibuja_planta3                                        
0000f255  Dibuja_planta4                                        
20001b58  Direction                                             
000151b1  Ejecuta_Lista                                         
000154c1  Esc_Reg                                               
00014f93  EscribeRam16                                          
00014f65  EscribeRam32                                          
00014fc1  EscribeRam8                                           
00011a3f  EscribeRam8_alb                                       
00014ff3  EscribeRamTxt                                         
00017d03  Espera_I2C                                            
0001562d  Espera_pant                                           
00014eef  FT800_IncCMDOffset                                    
00014e69  FT800_SPI_HostCommand                                 
00014eb3  FT800_SPI_HostCommandDummyRead                        
00014d99  FT800_SPI_Read32                                      
00014e3d  FT800_SPI_Read8                                       
00014c3f  FT800_SPI_SendAddressRD                               
00014be9  FT800_SPI_SendAddressWR                               
00014cf9  FT800_SPI_Write16                                     
00014ca3  FT800_SPI_Write32                                     
00014d2b  FT800_SPI_Write8                                      
00015827  Fadein                                                
000157e7  Fadeout                                               
000157bb  FinNota                                               
20001b40  Fin_Rx                                                
0001a157  GPIODirModeSet                                        
000190b7  GPIOPadConfigSet                                      
00019eb5  GPIOPinConfigure                                      
0001a1fd  GPIOPinTypeGPIOOutput                                 
0001a2c5  GPIOPinTypeI2C                                        
0001a2d7  GPIOPinTypeI2CSCL                                     
0001a2e9  GPIOPinTypeSSI                                        
0001a2fb  GPIOPinTypeUART                                       
0001a3cd  GPIOPinWrite                                          
0000eaf5  Gota                                                  
00014a41  HAL_Init_SPI                                          
00014ba5  HAL_SPI_CSHigh                                        
00014b93  HAL_SPI_CSLow                                         
00014bcb  HAL_SPI_PDhigh                                        
00014bb9  HAL_SPI_PDlow                                         
00014b57  HAL_SPI_ReadWrite                                     
20000e9c  H_act                                                 
0001a3ad  I2CMasterBusy                                         
0001a3df  I2CMasterControl                                      
0001a3e3  I2CMasterDataGet                                      
0001a3e7  I2CMasterDataPut                                      
0001a37b  I2CMasterEnable                                       
00019d85  I2CMasterInitExpClk                                   
0001a3b5  I2CMasterSlaveAddrSet                                 
20000ea0  I2C_Base                                              
00017d1d  I2C_read16                                            
00010b95  I2C_read8                                             
0001814d  I2C_routine                                           
00017e19  I2C_setslave                                          
00017db3  I2C_write16                                           
00010bf5  I2C_write8                                            
00015229  Inicia_pantalla                                       
00019a95  IntEnable                                             
0001a31f  IntMasterEnable                                       
0001a0c1  IntRegister                                           
000154a5  Lee_Reg                                               
00015471  Lee_pantalla                                          
0001056d  MedidorLuminosidad                                    
00015425  Nueva_pantalla                                        
00019649  OPT3001_getLux                                        
000195f9  OPT3001_init                                          
00019625  OPT3001_readConfigReg                                 
00019619  OPT3001_readDeviceId                                  
0001963d  OPT3001_readHighLimitReg                              
00019631  OPT3001_readLowLimitReg                               
0001960d  OPT3001_readManufacturerId                            
20000ea4  PD_PIN                                                
20000ea8  PD_PORT                                               
20000eac  POSX                                                  
20000eb0  POSY                                                  
20001b44  POSYANT                                               
20000eb4  P_act                                                 
000151cb  PadFIFO                                               
20001b64  Paso                                                  
20001ba4  PinM                                                  
20001b4c  RAMG_Offset                                           
000326a4  REG_CAL                                               
20000eb8  RELOJ                                                 
00010145  RangoTemp                                             
00032570  RawData_Header                                        
0001a36f  ResetISR                                              
UNDEFED   SHT$$INIT_ARRAY$$Base                                 
UNDEFED   SHT$$INIT_ARRAY$$Limit                                
00018169  SPI_routine                                           
0001a3bd  SSIBusy                                               
0001a013  SSIConfigSetExpClk                                    
0001a357  SSIDataGet                                            
0001a385  SSIDataPut                                            
0001a38f  SSIEnable                                             
20000ebc  SSI_BASE                                              
0000e999  Sol                                                   
20001b5c  Steps                                                 
000188fd  SysCtlClockFreqSet                                    
0001a3d3  SysCtlDelay                                           
0001a0f5  SysCtlPeripheralEnable                                
0001a051  SysCtlPeripheralPresent                               
20000ec0  T_act                                                 
20000f0e  T_amb                                                 
20000ec4  T_amb_i                                               
20000f10  T_obj                                                 
20000ec8  T_obj_i                                               
20000ecc  Tf_amb                                                
20000ed0  Tf_obj                                                
20000ed4  Tfinal                                                
0001145d  Timer0IntHandler                                      
0001a3d9  TimerClockSourceSet                                   
00019bc9  TimerConfigure                                        
0001a32f  TimerEnable                                           
0001a3eb  TimerIntClear                                         
0001a3c5  TimerIntEnable                                        
0001a215  TimerIntRegister                                      
0001a30d  TimerLoadSet                                          
00015785  TocaNota                                              
0001a399  UARTCharGet                                           
0001a3a3  UARTCharPut                                           
00019f8d  UARTConfigSetExpClk                                   
0001a181  UARTDisable                                           
0001a273  UARTEnable                                            
000177d1  UARTStdioConfig                                       
00017917  UARTgetc                                              
0001785d  UARTgets                                              
00017c37  UARTprintf                                            
0001793d  UARTvprintf                                           
00017817  UARTwrite                                             
20001bc8  V_bmm150_maual_auto_condition_u8                      
20001bcc  V_fifo_time_U32                                       
00015755  VolNota                                               
20001714  __STACK_END                                           
00000800  __STACK_SIZE                                          
20001114  __STACK_TOP                                           
00032778  __TI_CINIT_Base                                       
00032790  __TI_CINIT_Limit                                      
0003275c  __TI_Handler_Table_Base                               
00032768  __TI_Handler_Table_Limit                              
000199b5  __TI_auto_init                                        
20001bb4  __TI_cleanup_ptr                                      
00019afd  __TI_decompress_lzss                                  
0001a33d  __TI_decompress_none                                  
20001bb8  __TI_dtors_ptr                                        
20001bbc  __TI_enable_exit_profile_output                       
ffffffff  __TI_pprof_out_hndl                                   
00014145  __TI_printfi                                          
ffffffff  __TI_prof_data_size                                   
ffffffff  __TI_prof_data_start                                  
00000000  __TI_static_base__                                    
0001a363  __TI_zero_init                                        
0001982d  __aeabi_cdcmpeq                                       
0001982d  __aeabi_cdcmple                                       
000198b3  __aeabi_cdrcmple                                      
00019a25  __aeabi_d2f                                           
00019f45  __aeabi_d2iz                                          
00018af3  __aeabi_dadd                                          
00018f81  __aeabi_ddiv                                          
00019309  __aeabi_dmul                                          
00018ae9  __aeabi_dsub                                          
0001a089  __aeabi_f2d                                           
0001a129  __aeabi_i2d                                           
00014a3f  __aeabi_idiv0                                         
0001850b  __aeabi_ldiv0                                         
000182ed  __aeabi_ldivmod                                       
0001a245  __aeabi_lmul                                          
00019939  __aeabi_memclr                                        
00019939  __aeabi_memclr4                                       
00019939  __aeabi_memclr8                                       
00019791  __aeabi_memcpy                                        
00019791  __aeabi_memcpy4                                       
00019791  __aeabi_memcpy8                                       
0001993b  __aeabi_memset                                        
0001993b  __aeabi_memset4                                       
0001993b  __aeabi_memset8                                       
0001a1c1  __aeabi_ui2d                                          
00019fd3  __aeabi_uidiv                                         
00019fd3  __aeabi_uidivmod                                      
00018709  __aeabi_uldivmod                                      
ffffffff  __binit__                                             
ffffffff  __c_args__                                            
00018e15  __kernel_cos                                          
000164f9  __kernel_rem_pio2                                     
00018ca1  __kernel_sin                                          
00018c9f  __mpu_init                                            
20000f14  __stack                                               
0001a22d  _args_main                                            
00019c89  _c_int00                                              
00032300  _ctypes_                                              
20001bc0  _lock                                                 
0001a297  _nop                                                  
0001a28f  _register_lock                                        
0001a289  _register_unlock                                      
000199b3  _system_post_cinit                                    
0001a3ef  _system_pre_init                                      
20001bc4  _unlock                                               
00019ce1  abort                                                 
2000026c  accel_fifo                                            
20000e74  accelxyz                                              
00019e1d  atoi                                                  
0002cff8  batata_RawData                                        
ffffffff  binit                                                 
00010b67  bitn                                                  
20000dd4  bme280                                                
00013451  bme280_compensate_humidity_double                     
00011e13  bme280_compensate_humidity_int32                      
00011ecf  bme280_compensate_humidity_int32_sixteen_bit_output   
000131bd  bme280_compensate_pressure_double                     
00011c8d  bme280_compensate_pressure_int32                      
00013659  bme280_compensate_pressure_int64                      
00013865  bme280_compensate_pressure_int64_twentyfour_bit_output
00013057  bme280_compensate_temperature_double                  
00011b8b  bme280_compensate_temperature_int32                   
00011c03  bme280_compensate_temperature_int32_sixteen_bit_output
0001387f  bme280_compute_wait_time                              
00018061  bme280_data_readout_template                          
00011feb  bme280_get_calib_param                                
00012aab  bme280_get_filter                                     
00012e0f  bme280_get_forced_uncomp_pressure_temperature_humidity
00012507  bme280_get_oversamp_humidity                          
0001234f  bme280_get_oversamp_pressure                          
0001218d  bme280_get_oversamp_temperature                       
000126f5  bme280_get_power_mode                                 
000128fd  bme280_get_spi3                                       
00012c5f  bme280_get_standby_durn                               
00011ad5  bme280_init                                           
00011f8b  bme280_read_pressure_temperature_humidity             
00013011  bme280_read_register                                  
00011dbd  bme280_read_uncomp_humidity                           
00011c2d  bme280_read_uncomp_pressure                           
00011ef9  bme280_read_uncomp_pressure_temperature_humidity      
00011b2b  bme280_read_uncomp_temperature                        
00012afb  bme280_set_filter                                     
00012561  bme280_set_oversamp_humidity                          
000123ab  bme280_set_oversamp_pressure                          
000121e9  bme280_set_oversamp_temperature                       
00012743  bme280_set_power_mode                                 
000128bd  bme280_set_soft_rst                                   
0001294b  bme280_set_spi3                                       
00012caf  bme280_set_standby_durn                               
00012fcb  bme280_write_register                                 
00007635  bmi160_accel_foc_trigger_xyz                          
0000ad35  bmi160_bmm150_mag_compensate_X                        
0000ade1  bmi160_bmm150_mag_compensate_Y                        
0000ae8d  bmi160_bmm150_mag_compensate_Z                        
0000acd9  bmi160_bmm150_mag_compensate_xyz                      
0000af35  bmi160_bmm150_mag_interface_init                      
0000b3cd  bmi160_bmm150_mag_set_power_mode                      
0000b1d9  bmi160_bmm150_mag_wakeup                              
0000c125  bmi160_bst_akm_compensate_X                           
0000c15d  bmi160_bst_akm_compensate_Y                           
0000c18f  bmi160_bst_akm_compensate_Z                           
0000c1c1  bmi160_bst_akm_compensate_xyz                         
0000bd25  bmi160_bst_akm_mag_interface_init                     
0000c20d  bmi160_bst_akm_set_powermode                          
0000cbb9  bmi160_bst_yamaha_yas532_calib_values                 
0000c597  bmi160_bst_yamaha_yas532_mag_interface_init           
0000d5f1  bmi160_bst_yas532_acquisition_command_register        
0000ca2d  bmi160_bst_yas532_magnetic_measure_set_offset         
0000d181  bmi160_bst_yas532_measurement_xyz_data                
0000d00d  bmi160_bst_yas532_normal_measurement_data             
0000c8cd  bmi160_bst_yas532_set_initial_values                  
0000d6b9  bmi160_bst_yas532_set_offset                          
0000cf71  bmi160_bst_yas532_xy1y2_to_linear                     
000096e5  bmi160_clear_step_counter                             
000158f1  bmi160_config_running_mode                            
000164b5  bmi160_delay_ms                                       
00001929  bmi160_fifo_data                                      
000018c9  bmi160_fifo_length                                    
00001a41  bmi160_get_accel_bw                                   
00000f45  bmi160_get_accel_data_rdy                             
0000231b  bmi160_get_accel_fifo_filter_data                     
000087cf  bmi160_get_accel_offset_compensation_xaxis            
000088b5  bmi160_get_accel_offset_compensation_yaxis            
0000899f  bmi160_get_accel_offset_compensation_zaxis            
00008fff  bmi160_get_accel_offset_enable                        
00001963  bmi160_get_accel_output_data_rate                     
000005a5  bmi160_get_accel_power_mode_stat                      
00001bfd  bmi160_get_accel_range                                
000083c1  bmi160_get_accel_selftest_amp                         
0000820b  bmi160_get_accel_selftest_axis                        
000082e3  bmi160_get_accel_selftest_sign                        
00001b23  bmi160_get_accel_under_sampling_parameter             
00000ea9  bmi160_get_data_rdy_mag                               
000003d9  bmi160_get_drop_cmd_err                               
0000033d  bmi160_get_err_code                                   
00000475  bmi160_get_error_status                               
000002f1  bmi160_get_fatal_err                                  
000029c9  bmi160_get_fifo_accel_enable                          
00002253  bmi160_get_fifo_down_accel                            
000020ab  bmi160_get_fifo_down_gyro                             
00002aa9  bmi160_get_fifo_gyro_enable                           
00002815  bmi160_get_fifo_header_enable                         
000028ef  bmi160_get_fifo_mag_enable                            
00002483  bmi160_get_fifo_stop_on_full                          
00002723  bmi160_get_fifo_tag_intr1_enable                      
00002635  bmi160_get_fifo_tag_intr2_enable                      
0000255b  bmi160_get_fifo_time_enable                           
000023f5  bmi160_get_fifo_wm                                    
000071ff  bmi160_get_foc_accel_x                                
00007125  bmi160_get_foc_accel_y                                
0000705f  bmi160_get_foc_accel_z                                
0000787f  bmi160_get_foc_gyro_enable                            
00000e09  bmi160_get_foc_rdy                                    
00001e09  bmi160_get_gyro_bw                                    
00000ef7  bmi160_get_gyro_data_rdy                              
00002179  bmi160_get_gyro_fifo_filter_data                      
00008a85  bmi160_get_gyro_offset_compensation_xaxis             
00008c55  bmi160_get_gyro_offset_compensation_yaxis             
00008e2d  bmi160_get_gyro_offset_compensation_zaxis             
000090cf  bmi160_get_gyro_offset_enable                         
00001ced  bmi160_get_gyro_output_data_rate                      
00000557  bmi160_get_gyro_power_mode_stat                       
00001ee3  bmi160_get_gyro_range                                 
00000d6d  bmi160_get_gyro_selftest                              
0000849b  bmi160_get_gyro_selftest_start                        
00008057  bmi160_get_gyro_sleep_state                           
00007e9f  bmi160_get_gyro_sleep_trigger                         
00008131  bmi160_get_gyro_wakeup_intr                           
00007f77  bmi160_get_gyro_wakeup_trigger                        
00002b83  bmi160_get_i2c_device_addr                            
0000038b  bmi160_get_i2c_fail_err                               
00007ceb  bmi160_get_i2c_wdt_enable                             
00007c0b  bmi160_get_i2c_wdt_select                             
00007dc5  bmi160_get_if_mode                                    
00004317  bmi160_get_input_enable                               
00004811  bmi160_get_intr_any_motion                            
00005ee3  bmi160_get_intr_any_motion_durn                       
00006077  bmi160_get_intr_any_motion_thres                      
0000563d  bmi160_get_intr_data_rdy                              
00004b55  bmi160_get_intr_double_tap                            
00003c09  bmi160_get_intr_edge_ctrl                             
00003047  bmi160_get_intr_enable_0                              
000034b7  bmi160_get_intr_enable_1                              
0000391f  bmi160_get_intr_enable_2                              
00005321  bmi160_get_intr_fifo_full                             
000054ad  bmi160_get_intr_fifo_wm                               
00005005  bmi160_get_intr_flat                                  
00006ea7  bmi160_get_intr_flat_hold                             
00006f87  bmi160_get_intr_flat_hyst                             
00006dcf  bmi160_get_intr_flat_theta                            
00004685  bmi160_get_intr_high_g                                
00005dd7  bmi160_get_intr_high_g_durn                           
00005d0f  bmi160_get_intr_high_g_hyst                           
00005e5d  bmi160_get_intr_high_g_thres                          
00003d91  bmi160_get_intr_level                                 
000044a3  bmi160_get_intr_low_g                                 
00005a5b  bmi160_get_intr_low_g_durn                            
00005b67  bmi160_get_intr_low_g_hyst                            
00005c35  bmi160_get_intr_low_g_mode                            
00005ae1  bmi160_get_intr_low_g_thres                           
000058a3  bmi160_get_intr_low_high_source                       
00005981  bmi160_get_intr_motion_source                         
000049c9  bmi160_get_intr_nomotion                              
00004e73  bmi160_get_intr_orient                                
00006cf5  bmi160_get_intr_orient_axes_enable                    
0000699d  bmi160_get_intr_orient_blocking                       
00006a77  bmi160_get_intr_orient_hyst                           
000068bf  bmi160_get_intr_orient_mode                           
00006b3f  bmi160_get_intr_orient_theta                          
00006c17  bmi160_get_intr_orient_ud_enable                      
00003f23  bmi160_get_intr_output_type                           
00005191  bmi160_get_intr_pmu_trig                              
00006415  bmi160_get_intr_significant_motion_proof              
00006261  bmi160_get_intr_significant_motion_select             
0000633b  bmi160_get_intr_significant_motion_skip               
00004ce7  bmi160_get_intr_single_tap                            
00005faf  bmi160_get_intr_slow_no_motion_durn                   
00006183  bmi160_get_intr_slow_no_motion_select                 
000060fd  bmi160_get_intr_slow_no_motion_thres                  
000064ef  bmi160_get_intr_tap_durn                              
0000671f  bmi160_get_intr_tap_quiet                             
00006645  bmi160_get_intr_tap_shock                             
000057c9  bmi160_get_intr_tap_source                            
000067f9  bmi160_get_intr_tap_thres                             
0000423f  bmi160_get_latch_intr                                 
00002c4b  bmi160_get_mag_burst                                  
00000427  bmi160_get_mag_dada_rdy_err                           
00002ddd  bmi160_get_mag_manual_enable                          
00000dbb  bmi160_get_mag_manual_operation_stat                  
00002d11  bmi160_get_mag_offset                                 
00001fbb  bmi160_get_mag_output_data_rate                       
00000505  bmi160_get_mag_power_mode_stat                        
00002eb5  bmi160_get_mag_read_addr                              
00002f3b  bmi160_get_mag_write_addr                             
00002fc1  bmi160_get_mag_write_data                             
00008707  bmi160_get_nvm_counter                                
00007a59  bmi160_get_nvm_prog_enable                            
00000e57  bmi160_get_nvm_rdy                                    
000040af  bmi160_get_output_enable                              
00009825  bmi160_get_paging_enable                              
0000d7bf  bmi160_get_ptr                                        
000098ff  bmi160_get_pullup_configuration                       
00000d11  bmi160_get_sensor_time                                
0000863b  bmi160_get_spare0_trim                                
00007b33  bmi160_get_spi3                                       
00008575  bmi160_get_spi_enable                                 
0000102d  bmi160_get_stat0_any_motion_intr                      
000010c9  bmi160_get_stat0_double_tap_intr                      
000011b9  bmi160_get_stat0_flat_intr                            
00001165  bmi160_get_stat0_orient_intr                          
0000107b  bmi160_get_stat0_pmu_trigger_intr                     
00000fdf  bmi160_get_stat0_significant_intr                     
00001117  bmi160_get_stat0_single_tap_intr                      
00000f93  bmi160_get_stat0_step_intr                            
000012a3  bmi160_get_stat1_data_rdy_intr                        
000012f1  bmi160_get_stat1_fifo_full_intr                       
0000133f  bmi160_get_stat1_fifo_wm_intr                         
00001207  bmi160_get_stat1_high_g_intr                          
00001255  bmi160_get_stat1_low_g_intr                           
0000138d  bmi160_get_stat1_nomotion_intr                        
000013db  bmi160_get_stat2_any_motion_first_x                   
00001427  bmi160_get_stat2_any_motion_first_y                   
00001475  bmi160_get_stat2_any_motion_first_z                   
000014c9  bmi160_get_stat2_any_motion_sign                      
00001517  bmi160_get_stat2_tap_first_x                          
00001565  bmi160_get_stat2_tap_first_y                          
000015b3  bmi160_get_stat2_tap_first_z                          
00001601  bmi160_get_stat2_tap_sign                             
00001827  bmi160_get_stat3_flat                                 
0000164f  bmi160_get_stat3_high_g_first_x                       
0000169b  bmi160_get_stat3_high_g_first_y                       
000016e9  bmi160_get_stat3_high_g_first_z                       
00001737  bmi160_get_stat3_high_g_sign                          
00001785  bmi160_get_stat3_orient_xy                            
000017d9  bmi160_get_stat3_orient_z                             
000091eb  bmi160_get_step_config                                
000093bd  bmi160_get_step_counter_enable                        
00003b39  bmi160_get_step_detector_enable                       
0000974b  bmi160_get_target_page                                
00001875  bmi160_get_temp                                       
00016417  bmi160_i2c_burst_read                                 
000163eb  bmi160_i2c_bus_read                                   
0001644d  bmi160_i2c_bus_write                                  
00000209  bmi160_init                                           
000158b5  bmi160_initialize_sensor                              
00016339  bmi160_interrupt_configuration                        
00009515  bmi160_map_significant_motion_intr                    
000095fd  bmi160_map_step_detector_intr                         
00000ba1  bmi160_read_accel_x                                   
00000c9d  bmi160_read_accel_xyz                                 
00000bf5  bmi160_read_accel_y                                   
00000c49  bmi160_read_accel_z                                   
0000b885  bmi160_read_bmm150_mag_trim                           
0000c041  bmi160_read_bst_akm_sensitivity_data                  
000099dd  bmi160_read_fifo_header_data                          
0000a3ad  bmi160_read_fifo_headerless_mode                      
00000a2d  bmi160_read_gyro_x                                    
00000b29  bmi160_read_gyro_xyz                                  
00000a81  bmi160_read_gyro_y                                    
00000ad5  bmi160_read_gyro_z                                    
000007fd  bmi160_read_mag_r                                     
000005f3  bmi160_read_mag_x                                     
00000867  bmi160_read_mag_xyz                                   
00000971  bmi160_read_mag_xyzr                                  
000006a1  bmi160_read_mag_y                                     
0000074f  bmi160_read_mag_z                                     
000002ad  bmi160_read_reg                                       
00009197  bmi160_read_step_count                                
00001a8f  bmi160_set_accel_bw                                   
00002369  bmi160_set_accel_fifo_filter_data                     
000072dd  bmi160_set_accel_foc_trigger                          
0000881b  bmi160_set_accel_offset_compensation_xaxis            
00008901  bmi160_set_accel_offset_compensation_yaxis            
000089eb  bmi160_set_accel_offset_compensation_zaxis            
0000904d  bmi160_set_accel_offset_enable                        
000019af  bmi160_set_accel_output_data_rate                     
00001c49  bmi160_set_accel_range                                
0000840f  bmi160_set_accel_selftest_amp                         
00008257  bmi160_set_accel_selftest_axis                        
00008335  bmi160_set_accel_selftest_sign                        
00001b71  bmi160_set_accel_under_sampling_parameter             
0000b2a9  bmi160_set_bmm150_mag_and_secondary_if_power_mode     
0000b529  bmi160_set_bmm150_mag_presetmode                      
0000c431  bmi160_set_bst_akm_and_secondary_if_powermode         
00009711  bmi160_set_command_register                           
00002a17  bmi160_set_fifo_accel_enable                          
000022a1  bmi160_set_fifo_down_accel                            
000020f7  bmi160_set_fifo_down_gyro                             
00002af7  bmi160_set_fifo_gyro_enable                           
00002863  bmi160_set_fifo_header_enable                         
0000293d  bmi160_set_fifo_mag_enable                            
000024cf  bmi160_set_fifo_stop_on_full                          
00002775  bmi160_set_fifo_tag_intr1_enable                      
00002683  bmi160_set_fifo_tag_intr2_enable                      
000025a9  bmi160_set_fifo_time_enable                           
00002449  bmi160_set_fifo_wm                                    
0000724d  bmi160_set_foc_accel_x                                
00007173  bmi160_set_foc_accel_y                                
000070ab  bmi160_set_foc_accel_z                                
000078cd  bmi160_set_foc_gyro_enable                            
00001e57  bmi160_set_gyro_bw                                    
000021c7  bmi160_set_gyro_fifo_filter_data                      
00008b39  bmi160_set_gyro_offset_compensation_xaxis             
00008d11  bmi160_set_gyro_offset_compensation_yaxis             
00008ee3  bmi160_set_gyro_offset_compensation_zaxis             
0000911d  bmi160_set_gyro_offset_enable                         
00001d39  bmi160_set_gyro_output_data_rate                      
00001f2f  bmi160_set_gyro_range                                 
000084e9  bmi160_set_gyro_selftest_start                        
000080a5  bmi160_set_gyro_sleep_state                           
00007eeb  bmi160_set_gyro_sleep_trigger                         
0000817f  bmi160_set_gyro_wakeup_intr                           
00007fc5  bmi160_set_gyro_wakeup_trigger                        
00002bd1  bmi160_set_i2c_device_addr                            
00007d39  bmi160_set_i2c_wdt_enable                             
00007c59  bmi160_set_i2c_wdt_select                             
00007e13  bmi160_set_if_mode                                    
000043b1  bmi160_set_input_enable                               
000048ab  bmi160_set_intr_any_motion                            
00005f2f  bmi160_set_intr_any_motion_durn                       
000060c3  bmi160_set_intr_any_motion_thres                      
000056d7  bmi160_set_intr_data_rdy                              
00004bef  bmi160_set_intr_double_tap                            
00003c9f  bmi160_set_intr_edge_ctrl                             
000031dd  bmi160_set_intr_enable_0                              
00003645  bmi160_set_intr_enable_1                              
000039e7  bmi160_set_intr_enable_2                              
000053bb  bmi160_set_intr_fifo_full                             
00005547  bmi160_set_intr_fifo_wm                               
0000509f  bmi160_set_intr_flat                                  
00006ef5  bmi160_set_intr_flat_hold                             
00006fd3  bmi160_set_intr_flat_hyst                             
00006e1b  bmi160_set_intr_flat_theta                            
0000471f  bmi160_set_intr_high_g                                
00005e23  bmi160_set_intr_high_g_durn                           
00005d5d  bmi160_set_intr_high_g_hyst                           
00005ea9  bmi160_set_intr_high_g_thres                          
00003e2b  bmi160_set_intr_level                                 
00004537  bmi160_set_intr_low_g                                 
00005aa7  bmi160_set_intr_low_g_durn                            
00005bb3  bmi160_set_intr_low_g_hyst                            
00005c83  bmi160_set_intr_low_g_mode                            
00005b2d  bmi160_set_intr_low_g_thres                           
000058f5  bmi160_set_intr_low_high_source                       
000059cf  bmi160_set_intr_motion_source                         
00004a63  bmi160_set_intr_nomotion                              
00004f0d  bmi160_set_intr_orient                                
00006d43  bmi160_set_intr_orient_axes_enable                    
000069eb  bmi160_set_intr_orient_blocking                       
00006ac5  bmi160_set_intr_orient_hyst                           
00006911  bmi160_set_intr_orient_mode                           
00006b8b  bmi160_set_intr_orient_theta                          
00006c69  bmi160_set_intr_orient_ud_enable                      
00003fbd  bmi160_set_intr_output_type                           
00005227  bmi160_set_intr_pmu_trig                              
00006463  bmi160_set_intr_significant_motion_proof              
000062af  bmi160_set_intr_significant_motion_select             
00006389  bmi160_set_intr_significant_motion_skip               
00004d81  bmi160_set_intr_single_tap                            
00005ffd  bmi160_set_intr_slow_no_motion_durn                   
000061cf  bmi160_set_intr_slow_no_motion_select                 
00006149  bmi160_set_intr_slow_no_motion_thres                  
0000653b  bmi160_set_intr_tap_durn                              
0000676d  bmi160_set_intr_tap_quiet                             
00006693  bmi160_set_intr_tap_shock                             
00005817  bmi160_set_intr_tap_source                            
00006845  bmi160_set_intr_tap_thres                             
0000428b  bmi160_set_latch_intr                                 
00002c97  bmi160_set_mag_burst                                  
00002e2b  bmi160_set_mag_manual_enable                          
00002d5f  bmi160_set_mag_offset                                 
00002007  bmi160_set_mag_output_data_rate                       
00002f01  bmi160_set_mag_read_addr                              
00002f87  bmi160_set_mag_write_addr                             
0000300d  bmi160_set_mag_write_data                             
00008755  bmi160_set_nvm_counter                                
00007aa7  bmi160_set_nvm_prog_enable                            
00004149  bmi160_set_output_enable                              
00009873  bmi160_set_paging_enable                              
0000994d  bmi160_set_pullup_configuration                       
0000868d  bmi160_set_spare0_trim                                
00007b7f  bmi160_set_spi3                                       
000085c1  bmi160_set_spi_enable                                 
000092a9  bmi160_set_step_config                                
0000940b  bmi160_set_step_counter_enable                        
00003b8f  bmi160_set_step_detector_enable                       
00009497  bmi160_set_step_mode                                  
00009799  bmi160_set_target_page                                
00016479  bmi160_spi_bus_read                                   
00016497  bmi160_spi_bus_write                                  
00000269  bmi160_write_reg                                      
20000d20  buffer                                                
20000e10  bufplaca                                              
20001b1c  cambia                                                
20001b14  caudal                                                
20001b31  chipid                                                
20001b34  cmdBufferRd                                           
20001b38  cmdBufferWr                                           
00011839  cmd_bitmap                                            
000117d1  cmd_progress                                          
00019e69  copy_in                                               
0001a29d  copysign                                              
0001a29d  copysignl                                             
00016c31  cos                                                   
00016c31  cosl                                                  
20000f03  diff                                                  
00011595  drawcircle                                            
20001bd8  errno                                                 
00019ce9  exit                                                  
0001850d  exp2                                                  
0001850d  exp2l                                                 
20001b18  fc                                                    
00019501  floor                                                 
00019501  floorl                                                
00019b65  frexp                                                 
00019b65  frexpl                                                
20000000  g_pfnRAMVectors                                       
00000000  g_pfnVectors                                          
20001b24  g_s32ActualTemp                                       
20001b2c  g_u32ActualHumity                                     
20001b28  g_u32ActualPress                                      
0002dff8  girasol_RawData                                       
200005d8  gyro_fifo                                             
20000e7a  gyroxyz                                               
20000f06  horariego                                             
0001a3f8  huerto_RawData                                        
000163b3  i2c_routine                                           
00011339  imprimemedidasUART                                    
00010c6f  inicia_UART                                           
00010c31  inicia_i2c                                            
00019405  ldexp                                                 
00019405  ldexpl                                                
00010fb1  leesensores                                           
0002eff8  lirio_RawData                                         
0001192d  loadIm_toRAM                                          
00019d31  ltoa                                                  
20000ed8  lux                                                   
20000edc  lux_i                                                 
20000944  mag_fifo                                              
0000d8b1  main                                                  
20001bdc  main_func_sp                                          
0001a1e1  memccpy                                               
00019791  memcpy                                                
00019941  memset                                                
20001b50  miestado                                              
00011481  minicia_pantalla                                      
000111a5  minicia_sensores                                      
20000ee0  p_bme280                                              
00011611  pintafondo                                            
20000ee4  pulsado_atras                                         
20000ee8  pulsado_automatico                                    
20000eec  pulsado_info                                          
20000ef0  pulsado_manual                                        
20000ef4  pulsado_riego                                         
20000ef8  pulsado_toldo                                         
00017f35  readI2C                                               
00010ee5  restafecha                                            
20000efc  returnRslt                                            
00010cad  riego                                                 
000196d1  round                                                 
000196d1  roundl                                                
00010a7d  rtc_readtime                                          
20000e80  s_accelXYZ                                            
20000e44  s_bmi160                                              
20000e86  s_gyroXYZ                                             
20000e68  s_magcompXYZ                                          
00019405  scalbn                                                
00019405  scalbnl                                               
000192b5  sensorTmp007Convert                                   
00019293  sensorTmp007DevID                                     
000191f3  sensorTmp007Enable                                    
000191e9  sensorTmp007Init                                      
000192a1  sensorTmp007REG                                       
00019233  sensorTmp007Read                                      
0001720d  sin                                                   
0001720d  sinl                                                  
000163d5  spi_routine                                           
00019c29  sprintf                                               
0000d7d9  stepper                                               
20001b54  steps_left                                            
0001a25d  strchr                                                
20000d84  string                                                
0001a2b1  strlen                                                
20001b3c  t                                                     
20000f09  temp                                                  
0002fff8  tomate_RawData                                        
20001714  v_fifo_data_u8                                        
20001b60  var_paso                                              
00017e2d  writeI2C                                              


GLOBAL SYMBOLS: SORTED BY Symbol Address 

address   name                                                  
-------   ----                                                  
00000000  __TI_static_base__                                    
00000000  g_pfnVectors                                          
00000209  bmi160_init                                           
00000269  bmi160_write_reg                                      
000002ad  bmi160_read_reg                                       
000002f1  bmi160_get_fatal_err                                  
0000033d  bmi160_get_err_code                                   
0000038b  bmi160_get_i2c_fail_err                               
000003d9  bmi160_get_drop_cmd_err                               
00000427  bmi160_get_mag_dada_rdy_err                           
00000475  bmi160_get_error_status                               
00000505  bmi160_get_mag_power_mode_stat                        
00000557  bmi160_get_gyro_power_mode_stat                       
000005a5  bmi160_get_accel_power_mode_stat                      
000005f3  bmi160_read_mag_x                                     
000006a1  bmi160_read_mag_y                                     
0000074f  bmi160_read_mag_z                                     
000007fd  bmi160_read_mag_r                                     
00000800  __STACK_SIZE                                          
00000867  bmi160_read_mag_xyz                                   
00000971  bmi160_read_mag_xyzr                                  
00000a2d  bmi160_read_gyro_x                                    
00000a81  bmi160_read_gyro_y                                    
00000ad5  bmi160_read_gyro_z                                    
00000b29  bmi160_read_gyro_xyz                                  
00000ba1  bmi160_read_accel_x                                   
00000bf5  bmi160_read_accel_y                                   
00000c49  bmi160_read_accel_z                                   
00000c9d  bmi160_read_accel_xyz                                 
00000d11  bmi160_get_sensor_time                                
00000d6d  bmi160_get_gyro_selftest                              
00000dbb  bmi160_get_mag_manual_operation_stat                  
00000e09  bmi160_get_foc_rdy                                    
00000e57  bmi160_get_nvm_rdy                                    
00000ea9  bmi160_get_data_rdy_mag                               
00000ef7  bmi160_get_gyro_data_rdy                              
00000f45  bmi160_get_accel_data_rdy                             
00000f93  bmi160_get_stat0_step_intr                            
00000fdf  bmi160_get_stat0_significant_intr                     
0000102d  bmi160_get_stat0_any_motion_intr                      
0000107b  bmi160_get_stat0_pmu_trigger_intr                     
000010c9  bmi160_get_stat0_double_tap_intr                      
00001117  bmi160_get_stat0_single_tap_intr                      
00001165  bmi160_get_stat0_orient_intr                          
000011b9  bmi160_get_stat0_flat_intr                            
00001207  bmi160_get_stat1_high_g_intr                          
00001255  bmi160_get_stat1_low_g_intr                           
000012a3  bmi160_get_stat1_data_rdy_intr                        
000012f1  bmi160_get_stat1_fifo_full_intr                       
0000133f  bmi160_get_stat1_fifo_wm_intr                         
0000138d  bmi160_get_stat1_nomotion_intr                        
000013db  bmi160_get_stat2_any_motion_first_x                   
00001427  bmi160_get_stat2_any_motion_first_y                   
00001475  bmi160_get_stat2_any_motion_first_z                   
000014c9  bmi160_get_stat2_any_motion_sign                      
00001517  bmi160_get_stat2_tap_first_x                          
00001565  bmi160_get_stat2_tap_first_y                          
000015b3  bmi160_get_stat2_tap_first_z                          
00001601  bmi160_get_stat2_tap_sign                             
0000164f  bmi160_get_stat3_high_g_first_x                       
0000169b  bmi160_get_stat3_high_g_first_y                       
000016e9  bmi160_get_stat3_high_g_first_z                       
00001737  bmi160_get_stat3_high_g_sign                          
00001785  bmi160_get_stat3_orient_xy                            
000017d9  bmi160_get_stat3_orient_z                             
00001827  bmi160_get_stat3_flat                                 
00001875  bmi160_get_temp                                       
000018c9  bmi160_fifo_length                                    
00001929  bmi160_fifo_data                                      
00001963  bmi160_get_accel_output_data_rate                     
000019af  bmi160_set_accel_output_data_rate                     
00001a41  bmi160_get_accel_bw                                   
00001a8f  bmi160_set_accel_bw                                   
00001b23  bmi160_get_accel_under_sampling_parameter             
00001b71  bmi160_set_accel_under_sampling_parameter             
00001bfd  bmi160_get_accel_range                                
00001c49  bmi160_set_accel_range                                
00001ced  bmi160_get_gyro_output_data_rate                      
00001d39  bmi160_set_gyro_output_data_rate                      
00001e09  bmi160_get_gyro_bw                                    
00001e57  bmi160_set_gyro_bw                                    
00001ee3  bmi160_get_gyro_range                                 
00001f2f  bmi160_set_gyro_range                                 
00001fbb  bmi160_get_mag_output_data_rate                       
00002007  bmi160_set_mag_output_data_rate                       
000020ab  bmi160_get_fifo_down_gyro                             
000020f7  bmi160_set_fifo_down_gyro                             
00002179  bmi160_get_gyro_fifo_filter_data                      
000021c7  bmi160_set_gyro_fifo_filter_data                      
00002253  bmi160_get_fifo_down_accel                            
000022a1  bmi160_set_fifo_down_accel                            
0000231b  bmi160_get_accel_fifo_filter_data                     
00002369  bmi160_set_accel_fifo_filter_data                     
000023f5  bmi160_get_fifo_wm                                    
00002449  bmi160_set_fifo_wm                                    
00002483  bmi160_get_fifo_stop_on_full                          
000024cf  bmi160_set_fifo_stop_on_full                          
0000255b  bmi160_get_fifo_time_enable                           
000025a9  bmi160_set_fifo_time_enable                           
00002635  bmi160_get_fifo_tag_intr2_enable                      
00002683  bmi160_set_fifo_tag_intr2_enable                      
00002723  bmi160_get_fifo_tag_intr1_enable                      
00002775  bmi160_set_fifo_tag_intr1_enable                      
00002815  bmi160_get_fifo_header_enable                         
[...]
00014bcb  HAL_SPI_PDhigh                                        
00014bdf  Delay                                                 
00014be9  FT800_SPI_SendAddressWR                               
00014c3f  FT800_SPI_SendAddressRD                               
00014ca3  FT800_SPI_Write32                                     
00014cf9  FT800_SPI_Write16                                     
00014d2b  FT800_SPI_Write8                                      
00014d99  FT800_SPI_Read32                                      
00014e3d  FT800_SPI_Read8                                       
00014e69  FT800_SPI_HostCommand                                 
00014eb3  FT800_SPI_HostCommandDummyRead                        
00014eef  FT800_IncCMDOffset                                    
00014f21  ComEsperaFin                                          
00014f65  EscribeRam32                                          
00014f93  EscribeRam16                                          
00014fc1  EscribeRam8                                           
00014ff3  EscribeRamTxt                                         
00015015  Comando                                               
00015043  ComVertex2ff                                          
0001508b  ComColor                                              
000150c5  ComTXT                                                
00015117  ComNum                                                
00015153  ComTeclas                                             
000151b1  Ejecuta_Lista                                         
000151cb  PadFIFO                                               
000151fd  Dibuja                                                
00015229  Inicia_pantalla                                       
00015425  Nueva_pantalla                                        
00015471  Lee_pantalla                                          
000154a5  Lee_Reg                                               
000154c1  Esc_Reg                                               
000154dd  ComScrollbar                                          
00015527  ComFgcolor                                            
00015569  ComBgcolor                                            
000155c1  ComButton                                             
0001562d  Espera_pant                                           
00015659  ComLineWidth                                          
00015675  ComPointSize                                          
000156a9  Calibra_touch                                         
00015717  ComGradient                                           
00015755  VolNota                                               
00015785  TocaNota                                              
000157bb  FinNota                                               
000157e7  Fadeout                                               
00015827  Fadein                                                
000158b5  bmi160_initialize_sensor                              
000158f1  bmi160_config_running_mode                            
00016339  bmi160_interrupt_configuration                        
000163b3  i2c_routine                                           
000163d5  spi_routine                                           
000163eb  bmi160_i2c_bus_read                                   
00016417  bmi160_i2c_burst_read                                 
0001644d  bmi160_i2c_bus_write                                  
00016479  bmi160_spi_bus_read                                   
00016497  bmi160_spi_bus_write                                  
000164b5  bmi160_delay_ms                                       
000164f9  __kernel_rem_pio2                                     
00016c31  cos                                                   
00016c31  cosl                                                  
0001720d  sin                                                   
0001720d  sinl                                                  
000177d1  UARTStdioConfig                                       
00017817  UARTwrite                                             
0001785d  UARTgets                                              
00017917  UARTgetc                                              
0001793d  UARTvprintf                                           
00017c37  UARTprintf                                            
00017c6d  Conf_Boosterpack                                      
00017d03  Espera_I2C                                            
00017d1d  I2C_read16                                            
00017db3  I2C_write16                                           
00017e19  I2C_setslave                                          
00017e2d  writeI2C                                              
00017f35  readI2C                                               
00018061  bme280_data_readout_template                          
0001814d  I2C_routine                                           
00018169  SPI_routine                                           
0001817f  BME280_I2C_bus_write                                  
000181ab  BME280_I2C_bus_read                                   
000181d7  BME280_SPI_bus_read                                   
0001823d  BME280_SPI_bus_write                                  
000182ad  BME280_delay_msek                                     
000182ed  __aeabi_ldivmod                                       
0001850b  __aeabi_ldiv0                                         
0001850d  exp2                                                  
0001850d  exp2l                                                 
00018709  __aeabi_uldivmod                                      
000188fd  SysCtlClockFreqSet                                    
00018ae9  __aeabi_dsub                                          
00018af3  __aeabi_dadd                                          
00018c9f  __mpu_init                                            
00018ca1  __kernel_sin                                          
00018e15  __kernel_cos                                          
00018f81  __aeabi_ddiv                                          
000190b7  GPIOPadConfigSet                                      
000191e9  sensorTmp007Init                                      
000191f3  sensorTmp007Enable                                    
00019233  sensorTmp007Read                                      
00019293  sensorTmp007DevID                                     
000192a1  sensorTmp007REG                                       
000192b5  sensorTmp007Convert                                   
00019309  __aeabi_dmul                                          
00019405  ldexp                                                 
00019405  ldexpl                                                
00019405  scalbn                                                
00019405  scalbnl                                               
00019501  floor                                                 
00019501  floorl                                                
000195f9  OPT3001_init                                          
0001960d  OPT3001_readManufacturerId                            
00019619  OPT3001_readDeviceId                                  
00019625  OPT3001_readConfigReg                                 
00019631  OPT3001_readLowLimitReg                               
0001963d  OPT3001_readHighLimitReg                              
00019649  OPT3001_getLux                                        
000196d1  round                                                 
000196d1  roundl                                                
00019791  __aeabi_memcpy                                        
00019791  __aeabi_memcpy4                                       
00019791  __aeabi_memcpy8                                       
00019791  memcpy                                                
0001982d  __aeabi_cdcmpeq                                       
0001982d  __aeabi_cdcmple                                       
000198b3  __aeabi_cdrcmple                                      
00019939  __aeabi_memclr                                        
00019939  __aeabi_memclr4                                       
00019939  __aeabi_memclr8                                       
0001993b  __aeabi_memset                                        
0001993b  __aeabi_memset4                                       
0001993b  __aeabi_memset8                                       
00019941  memset                                                
000199b3  _system_post_cinit                                    
000199b5  __TI_auto_init                                        
00019a25  __aeabi_d2f                                           
00019a95  IntEnable                                             
00019afd  __TI_decompress_lzss                                  
00019b65  frexp                                                 
00019b65  frexpl                                                
00019bc9  TimerConfigure                                        
00019c29  sprintf                                               
00019c89  _c_int00                                              
00019cdd  C$$EXIT                                               
00019ce1  abort                                                 
00019ce9  exit                                                  
00019d31  ltoa                                                  
00019d85  I2CMasterInitExpClk                                   
00019e1d  atoi                                                  
00019e69  copy_in                                               
00019eb5  GPIOPinConfigure                                      
00019f45  __aeabi_d2iz                                          
00019f8d  UARTConfigSetExpClk                                   
00019fd3  __aeabi_uidiv                                         
00019fd3  __aeabi_uidivmod                                      
0001a013  SSIConfigSetExpClk                                    
0001a051  SysCtlPeripheralPresent                               
0001a089  __aeabi_f2d                                           
0001a0c1  IntRegister                                           
0001a0f5  SysCtlPeripheralEnable                                
0001a129  __aeabi_i2d                                           
0001a157  GPIODirModeSet                                        
0001a181  UARTDisable                                           
0001a1c1  __aeabi_ui2d                                          
0001a1e1  memccpy                                               
0001a1fd  GPIOPinTypeGPIOOutput                                 
0001a215  TimerIntRegister                                      
0001a22d  _args_main                                            
0001a245  __aeabi_lmul                                          
0001a25d  strchr                                                
0001a273  UARTEnable                                            
0001a289  _register_unlock                                      
0001a28f  _register_lock                                        
0001a297  _nop                                                  
0001a29d  copysign                                              
0001a29d  copysignl                                             
0001a2b1  strlen                                                
0001a2c5  GPIOPinTypeI2C                                        
0001a2d7  GPIOPinTypeI2CSCL                                     
0001a2e9  GPIOPinTypeSSI                                        
0001a2fb  GPIOPinTypeUART                                       
0001a30d  TimerLoadSet                                          
0001a31f  IntMasterEnable                                       
0001a32f  TimerEnable                                           
0001a33d  __TI_decompress_none                                  
0001a34b  CPUcpsie                                              
0001a357  SSIDataGet                                            
0001a363  __TI_zero_init                                        
0001a36f  ResetISR                                              
0001a37b  I2CMasterEnable                                       
0001a385  SSIDataPut                                            
0001a38f  SSIEnable                                             
0001a399  UARTCharGet                                           
0001a3a3  UARTCharPut                                           
0001a3ad  I2CMasterBusy                                         
0001a3b5  I2CMasterSlaveAddrSet                                 
0001a3bd  SSIBusy                                               
0001a3c5  TimerIntEnable                                        
0001a3cd  GPIOPinWrite                                          
0001a3d3  SysCtlDelay                                           
0001a3d9  TimerClockSourceSet                                   
0001a3df  I2CMasterControl                                      
0001a3e3  I2CMasterDataGet                                      
0001a3e7  I2CMasterDataPut                                      
0001a3eb  TimerIntClear                                         
0001a3ef  _system_pre_init                                      
0001a3f8  huerto_RawData                                        
0002cff8  batata_RawData                                        
0002dff8  girasol_RawData                                       
0002eff8  lirio_RawData                                         
0002fff8  tomate_RawData                                        
00032300  _ctypes_                                              
00032570  RawData_Header                                        
000326a4  REG_CAL                                               
0003275c  __TI_Handler_Table_Base                               
00032768  __TI_Handler_Table_Limit                              
00032778  __TI_CINIT_Base                                       
00032790  __TI_CINIT_Limit                                      
20000000  g_pfnRAMVectors                                       
2000026c  accel_fifo                                            
200005d8  gyro_fifo                                             
20000944  mag_fifo                                              
20000d20  buffer                                                
20000d84  string                                                
20000dd4  bme280                                                
20000e10  bufplaca                                              
20000e44  s_bmi160                                              
20000e68  s_magcompXYZ                                          
20000e74  accelxyz                                              
20000e7a  gyroxyz                                               
20000e80  s_accelXYZ                                            
20000e86  s_gyroXYZ                                             
20000e90  BufferXY                                              
20000e94  CS_PIN                                                
20000e98  CS_PORT                                               
20000e9c  H_act                                                 
20000ea0  I2C_Base                                              
20000ea4  PD_PIN                                                
20000ea8  PD_PORT                                               
20000eac  POSX                                                  
20000eb0  POSY                                                  
20000eb4  P_act                                                 
20000eb8  RELOJ                                                 
20000ebc  SSI_BASE                                              
20000ec0  T_act                                                 
20000ec4  T_amb_i                                               
20000ec8  T_obj_i                                               
20000ecc  Tf_amb                                                
20000ed0  Tf_obj                                                
20000ed4  Tfinal                                                
20000ed8  lux                                                   
20000edc  lux_i                                                 
20000ee0  p_bme280                                              
20000ee4  pulsado_atras                                         
20000ee8  pulsado_automatico                                    
20000eec  pulsado_info                                          
20000ef0  pulsado_manual                                        
20000ef4  pulsado_riego                                         
20000ef8  pulsado_toldo                                         
20000efc  returnRslt                                            
20000f03  diff                                                  
20000f06  horariego                                             
20000f09  temp                                                  
20000f0e  T_amb                                                 
20000f10  T_obj                                                 
20000f14  __stack                                               
20001114  __STACK_TOP                                           
20001714  __STACK_END                                           
20001714  v_fifo_data_u8                                        
20001b14  caudal                                                
20001b18  fc                                                    
20001b1c  cambia                                                
20001b20  DevID                                                 
20001b24  g_s32ActualTemp                                       
20001b28  g_u32ActualPress                                      
20001b2c  g_u32ActualHumity                                     
20001b30  BME_on                                                
20001b31  chipid                                                
20001b34  cmdBufferRd                                           
20001b38  cmdBufferWr                                           
20001b3c  t                                                     
20001b40  Fin_Rx                                                
20001b44  POSYANT                                               
20001b48  CMD_Offset                                            
20001b4c  RAMG_Offset                                           
20001b50  miestado                                              
20001b54  steps_left                                            
20001b58  Direction                                             
20001b5c  Steps                                                 
20001b60  var_paso                                              
20001b64  Paso                                                  
20001ba4  PinM                                                  
20001bb4  __TI_cleanup_ptr                                      
20001bb8  __TI_dtors_ptr                                        
20001bbc  __TI_enable_exit_profile_output                       
20001bc0  _lock                                                 
20001bc4  _unlock                                               
20001bc8  V_bmm150_maual_auto_condition_u8                      
20001bcc  V_fifo_time_U32                                       
20001bd8  errno                                                 
20001bdc  main_func_sp                                          
ffffffff  __TI_pprof_out_hndl                                   
ffffffff  __TI_prof_data_size                                   
ffffffff  __TI_prof_data_start                                  
ffffffff  __binit__                                             
ffffffff  __c_args__                                            
ffffffff  binit                                                 
UNDEFED   SHT$$INIT_ARRAY$$Base                                 
UNDEFED   SHT$$INIT_ARRAY$$Limit                                

[722 symbols]
