<?xml version="1.0"?>
<link_info>
   <banner>TI ARM Linker PC v16.9.4.LTS</banner>
   <copyright>Copyright (c) 1996-2017 Texas Instruments Incorporated</copyright>
   <link_time>0x5a85eaae</link_time>
   <link_errors>0x0</link_errors>
   <output_file>PROYECTO_HUERTO.out</output_file>
   <entry_point>
      <name>_c_int00</name>
      <address>0x19c89</address>
   </entry_point>
   <input_file_list>
      <input_file id="fl-2">
         <path>.\</path>
         <kind>object</kind>
         <file>ft800_TIVA.obj</file>
         <name>ft800_TIVA.obj</name>
      </input_file>
      <input_file id="fl-3">
         <path>.\</path>
         <kind>object</kind>
         <file>main.obj</file>
         <name>main.obj</name>
      </input_file>
      <input_file id="fl-4">
         <path>.\</path>
         <kind>object</kind>
         <file>tm4c1294ncpdt_startup_ccs.obj</file>
         <name>tm4c1294ncpdt_startup_ccs.obj</name>
      </input_file>
      <input_file id="fl-5">
         <path>.\</path>
         <kind>object</kind>
         <file>uartstdio.obj</file>
         <name>uartstdio.obj</name>
      </input_file>
      <input_file id="fl-b">
         <kind>object</kind>
         <file>&lt;internal&gt;</file>
         <name>&lt;internal&gt;</name>
      </input_file>
      <input_file id="fl-c">
         <path>C:\ti\sensorlib2\</path>
         <kind>archive</kind>
         <file>SENSORLIB2.lib</file>
         <name>HAL_I2C.obj</name>
      </input_file>
      <input_file id="fl-d">
         <path>C:\ti\sensorlib2\</path>
         <kind>archive</kind>
         <file>SENSORLIB2.lib</file>
         <name>HAL_OPT3001.obj</name>
      </input_file>
      <input_file id="fl-e">
         <path>C:\ti\sensorlib2\</path>
         <kind>archive</kind>
         <file>SENSORLIB2.lib</file>
         <name>HAL_tmp007.obj</name>
      </input_file>
      <input_file id="fl-f">
         <path>C:\ti\sensorlib2\</path>
         <kind>archive</kind>
         <file>SENSORLIB2.lib</file>
         <name>bme280.obj</name>
      </input_file>
      <input_file id="fl-10">
         <path>C:\ti\sensorlib2\</path>
         <kind>archive</kind>
         <file>SENSORLIB2.lib</file>
         <name>bme280_support.obj</name>
      </input_file>
      <input_file id="fl-11">
         <path>C:\ti\sensorlib2\</path>
         <kind>archive</kind>
         <file>SENSORLIB2.lib</file>
         <name>bmi160_support.obj</name>
      </input_file>
      <input_file id="fl-12">
         <path>C:\ti\sensorlib2\</path>
         <kind>archive</kind>
         <file>SENSORLIB2.lib</file>
         <name>bmi160.obj</name>
      </input_file>
      <input_file id="fl-13">
         <path>C:\ti\TivaWare_C_Series-2.1.3.156\driverlib\ccs\Debug\</path>
         <kind>archive</kind>
         <file>driverlib.lib</file>
         <name>gpio.obj</name>
      </input_file>
      <input_file id="fl-14">
         <path>C:\ti\TivaWare_C_Series-2.1.3.156\driverlib\ccs\Debug\</path>
         <kind>archive</kind>
         <file>driverlib.lib</file>
         <name>i2c.obj</name>
      </input_file>
      <input_file id="fl-15">
         <path>C:\ti\TivaWare_C_Series-2.1.3.156\driverlib\ccs\Debug\</path>
         <kind>archive</kind>
         <file>driverlib.lib</file>
         <name>interrupt.obj</name>
      </input_file>
      <input_file id="fl-16">
         <path>C:\ti\TivaWare_C_Series-2.1.3.156\driverlib\ccs\Debug\</path>
         <kind>archive</kind>
         <file>driverlib.lib</file>
         <name>ssi.obj</name>
      </input_file>
      <input_file id="fl-17">
         <path>C:\ti\TivaWare_C_Series-2.1.3.156\driverlib\ccs\Debug\</path>
         <kind>archive</kind>
         <file>driverlib.lib</file>
         <name>sysctl.obj</name>
      </input_file>
      <input_file id="fl-18">
         <path>C:\ti\TivaWare_C_Series-2.1.3.156\driverlib\ccs\Debug\</path>
         <kind>archive</kind>
         <file>driverlib.lib</file>
         <name>timer.obj</name>
      </input_file>
      <input_file id="fl-19">
         <path>C:\ti\TivaWare_C_Series-2.1.3.156\driverlib\ccs\Debug\</path>
         <kind>archive</kind>
         <file>driverlib.lib</file>
         <name>uart.obj</name>
      </input_file>
      <input_file id="fl-1a">
         <path>C:\ti\TivaWare_C_Series-2.1.3.156\driverlib\ccs\Debug\</path>
         <kind>archive</kind>
         <file>driverlib.lib</file>
         <name>cpu.obj</name>
      </input_file>
      <input_file id="fl-d0">
         <path>C:\ti\ccsv7\tools\compiler\ti-cgt-arm_16.9.4.LTS\lib\</path>
         <kind>archive</kind>
         <file>rtsv7M4_T_le_v4SPD16_eabi.lib</file>
         <name>boot.obj</name>
      </input_file>
      <input_file id="fl-d1">
         <path>C:\ti\ccsv7\tools\compiler\ti-cgt-arm_16.9.4.LTS\lib\</path>
         <kind>archive</kind>
         <file>rtsv7M4_T_le_v4SPD16_eabi.lib</file>
         <name>copy_decompress_lzss.obj</name>
      </input_file>
      <input_file id="fl-d2">
         <path>C:\ti\ccsv7\tools\compiler\ti-cgt-arm_16.9.4.LTS\lib\</path>
         <kind>archive</kind>
         <file>rtsv7M4_T_le_v4SPD16_eabi.lib</file>
         <name>copy_decompress_none.obj</name>
      </input_file>
      <input_file id="fl-d3">
         <path>C:\ti\ccsv7\tools\compiler\ti-cgt-arm_16.9.4.LTS\lib\</path>
         <kind>archive</kind>
         <file>rtsv7M4_T_le_v4SPD16_eabi.lib</file>
         <name>copy_zero_init.obj</name>
      </input_file>
      <input_file id="fl-d4">
         <path>C:\ti\ccsv7\tools\compiler\ti-cgt-arm_16.9.4.LTS\lib\</path>
         <kind>archive</kind>
         <file>rtsv7M4_T_le_v4SPD16_eabi.lib</file>
         <name>exit.obj</name>
      </input_file>
      <input_file id="fl-d5">
         <path>C:\ti\ccsv7\tools\compiler\ti-cgt-arm_16.9.4.LTS\lib\</path>
         <kind>archive</kind>
         <file>rtsv7M4_T_le_v4SPD16_eabi.lib</file>
         <name>fd_add_t2.obj</name>
      </input_file>
      <input_file id="fl-d6">
         <path>C:\ti\ccsv7\tools\compiler\ti-cgt-arm_16.9.4.LTS\lib\</path>
         <kind>archive</kind>
         <file>rtsv7M4_T_le_v4SPD16_eabi.lib</file>
         <name>fd_cmp_t2.obj</name>
      </input_file>
      <input_file id="fl-d7">
         <path>C:\ti\ccsv7\tools\compiler\ti-cgt-arm_16.9.4.LTS\lib\</path>
         <kind>archive</kind>
         <file>rtsv7M4_T_le_v4SPD16_eabi.lib</file>
         <name>fd_div_t2.obj</name>
      </input_file>
      <input_file id="fl-d8">
         <path>C:\ti\ccsv7\tools\compiler\ti-cgt-arm_16.9.4.LTS\lib\</path>
         <kind>archive</kind>
         <file>rtsv7M4_T_le_v4SPD16_eabi.lib</file>
         <name>fd_mul_t2.obj</name>
      </input_file>
      <input_file id="fl-d9">
         <path>C:\ti\ccsv7\tools\compiler\ti-cgt-arm_16.9.4.LTS\lib\</path>
         <kind>archive</kind>
         <file>rtsv7M4_T_le_v4SPD16_eabi.lib</file>
         <name>fd_toi_t2.obj</name>
      </input_file>
      <input_file id="fl-da">
         <path>C:\ti\ccsv7\tools\compiler\ti-cgt-arm_16.9.4.LTS\lib\</path>
         <kind>archive</kind>
         <file>rtsv7M4_T_le_v4SPD16_eabi.lib</file>
         <name>fd_tos_t2.obj</name>
      </input_file>
      <input_file id="fl-db">
         <path>C:\ti\ccsv7\tools\compiler\ti-cgt-arm_16.9.4.LTS\lib\</path>
         <kind>archive</kind>
         <file>rtsv7M4_T_le_v4SPD16_eabi.lib</file>
         <name>fs_tod_t2.obj</name>
      </input_file>
      <input_file id="fl-dc">
         <path>C:\ti\ccsv7\tools\compiler\ti-cgt-arm_16.9.4.LTS\lib\</path>
         <kind>archive</kind>
         <file>rtsv7M4_T_le_v4SPD16_eabi.lib</file>
         <name>i_tofd_t2.obj</name>
      </input_file>
      <input_file id="fl-dd">
         <path>C:\ti\ccsv7\tools\compiler\ti-cgt-arm_16.9.4.LTS\lib\</path>
         <kind>archive</kind>
         <file>rtsv7M4_T_le_v4SPD16_eabi.lib</file>
         <name>ll_div_t2.obj</name>
      </input_file>
      <input_file id="fl-de">
         <path>C:\ti\ccsv7\tools\compiler\ti-cgt-arm_16.9.4.LTS\lib\</path>
         <kind>archive</kind>
         <file>rtsv7M4_T_le_v4SPD16_eabi.lib</file>
         <name>ll_mul_t2.obj</name>
      </input_file>
      <input_file id="fl-df">
         <path>C:\ti\ccsv7\tools\compiler\ti-cgt-arm_16.9.4.LTS\lib\</path>
         <kind>archive</kind>
         <file>rtsv7M4_T_le_v4SPD16_eabi.lib</file>
         <name>memcpy_t2.obj</name>
      </input_file>
      <input_file id="fl-e0">
         <path>C:\ti\ccsv7\tools\compiler\ti-cgt-arm_16.9.4.LTS\lib\</path>
         <kind>archive</kind>
         <file>rtsv7M4_T_le_v4SPD16_eabi.lib</file>
         <name>memset_t2.obj</name>
      </input_file>
      <input_file id="fl-e1">
         <path>C:\ti\ccsv7\tools\compiler\ti-cgt-arm_16.9.4.LTS\lib\</path>
         <kind>archive</kind>
         <file>rtsv7M4_T_le_v4SPD16_eabi.lib</file>
         <name>mpu_init.obj</name>
      </input_file>
      <input_file id="fl-e2">
         <path>C:\ti\ccsv7\tools\compiler\ti-cgt-arm_16.9.4.LTS\lib\</path>
         <kind>archive</kind>
         <file>rtsv7M4_T_le_v4SPD16_eabi.lib</file>
         <name>pre_init.obj</name>
      </input_file>
      <input_file id="fl-e3">
         <path>C:\ti\ccsv7\tools\compiler\ti-cgt-arm_16.9.4.LTS\lib\</path>
         <kind>archive</kind>
         <file>rtsv7M4_T_le_v4SPD16_eabi.lib</file>
         <name>s_cos.obj</name>
      </input_file>
      <input_file id="fl-e4">
         <path>C:\ti\ccsv7\tools\compiler\ti-cgt-arm_16.9.4.LTS\lib\</path>
         <kind>archive</kind>
         <file>rtsv7M4_T_le_v4SPD16_eabi.lib</file>
         <name>s_exp2.obj</name>
      </input_file>
      <input_file id="fl-e5">
         <path>C:\ti\ccsv7\tools\compiler\ti-cgt-arm_16.9.4.LTS\lib\</path>
         <kind>archive</kind>
         <file>rtsv7M4_T_le_v4SPD16_eabi.lib</file>
         <name>s_round.obj</name>
      </input_file>
      <input_file id="fl-e6">
         <path>C:\ti\ccsv7\tools\compiler\ti-cgt-arm_16.9.4.LTS\lib\</path>
         <kind>archive</kind>
         <file>rtsv7M4_T_le_v4SPD16_eabi.lib</file>
         <name>s_sin.obj</name>
      </input_file>
      <input_file id="fl-e7">
         <path>C:\ti\ccsv7\tools\compiler\ti-cgt-arm_16.9.4.LTS\lib\</path>
         <kind>archive</kind>
         <file>rtsv7M4_T_le_v4SPD16_eabi.lib</file>
         <name>sprintf.obj</name>
      </input_file>
      <input_file id="fl-e8">
         <path>C:\ti\ccsv7\tools\compiler\ti-cgt-arm_16.9.4.LTS\lib\</path>
         <kind>archive</kind>
         <file>rtsv7M4_T_le_v4SPD16_eabi.lib</file>
         <name>stkdepth_vars.obj</name>
      </input_file>
      <input_file id="fl-e9">
         <path>C:\ti\ccsv7\tools\compiler\ti-cgt-arm_16.9.4.LTS\lib\</path>
         <kind>archive</kind>
         <file>rtsv7M4_T_le_v4SPD16_eabi.lib</file>
         <name>u_divt2.obj</name>
      </input_file>
      <input_file id="fl-ea">
         <path>C:\ti\ccsv7\tools\compiler\ti-cgt-arm_16.9.4.LTS\lib\</path>
         <kind>archive</kind>
         <file>rtsv7M4_T_le_v4SPD16_eabi.lib</file>
         <name>u_tofd_t2.obj</name>
      </input_file>
      <input_file id="fl-eb">
         <path>C:\ti\ccsv7\tools\compiler\ti-cgt-arm_16.9.4.LTS\lib\</path>
         <kind>archive</kind>
         <file>rtsv7M4_T_le_v4SPD16_eabi.lib</file>
         <name>_lock.obj</name>
      </input_file>
      <input_file id="fl-ec">
         <path>C:\ti\ccsv7\tools\compiler\ti-cgt-arm_16.9.4.LTS\lib\</path>
         <kind>archive</kind>
         <file>rtsv7M4_T_le_v4SPD16_eabi.lib</file>
         <name>_printfi.obj</name>
      </input_file>
      <input_file id="fl-ed">
         <path>C:\ti\ccsv7\tools\compiler\ti-cgt-arm_16.9.4.LTS\lib\</path>
         <kind>archive</kind>
         <file>rtsv7M4_T_le_v4SPD16_eabi.lib</file>
         <name>args_main.obj</name>
      </input_file>
      <input_file id="fl-ee">
         <path>C:\ti\ccsv7\tools\compiler\ti-cgt-arm_16.9.4.LTS\lib\</path>
         <kind>archive</kind>
         <file>rtsv7M4_T_le_v4SPD16_eabi.lib</file>
         <name>atoi.obj</name>
      </input_file>
      <input_file id="fl-ef">
         <path>C:\ti\ccsv7\tools\compiler\ti-cgt-arm_16.9.4.LTS\lib\</path>
         <kind>archive</kind>
         <file>rtsv7M4_T_le_v4SPD16_eabi.lib</file>
         <name>autoinit.obj</name>
      </input_file>
      <input_file id="fl-f0">
         <path>C:\ti\ccsv7\tools\compiler\ti-cgt-arm_16.9.4.LTS\lib\</path>
         <kind>archive</kind>
         <file>rtsv7M4_T_le_v4SPD16_eabi.lib</file>
         <name>cpy_tbl.obj</name>
      </input_file>
      <input_file id="fl-f1">
         <path>C:\ti\ccsv7\tools\compiler\ti-cgt-arm_16.9.4.LTS\lib\</path>
         <kind>archive</kind>
         <file>rtsv7M4_T_le_v4SPD16_eabi.lib</file>
         <name>ctype.obj</name>
      </input_file>
      <input_file id="fl-f2">
         <path>C:\ti\ccsv7\tools\compiler\ti-cgt-arm_16.9.4.LTS\lib\</path>
         <kind>archive</kind>
         <file>rtsv7M4_T_le_v4SPD16_eabi.lib</file>
         <name>errno.obj</name>
      </input_file>
      <input_file id="fl-f3">
         <path>C:\ti\ccsv7\tools\compiler\ti-cgt-arm_16.9.4.LTS\lib\</path>
         <kind>archive</kind>
         <file>rtsv7M4_T_le_v4SPD16_eabi.lib</file>
         <name>i_div0.obj</name>
      </input_file>
      <input_file id="fl-f4">
         <path>C:\ti\ccsv7\tools\compiler\ti-cgt-arm_16.9.4.LTS\lib\</path>
         <kind>archive</kind>
         <file>rtsv7M4_T_le_v4SPD16_eabi.lib</file>
         <name>k_cos.obj</name>
      </input_file>
      <input_file id="fl-f5">
         <path>C:\ti\ccsv7\tools\compiler\ti-cgt-arm_16.9.4.LTS\lib\</path>
         <kind>archive</kind>
         <file>rtsv7M4_T_le_v4SPD16_eabi.lib</file>
         <name>k_rem_pio2.obj</name>
      </input_file>
      <input_file id="fl-f6">
         <path>C:\ti\ccsv7\tools\compiler\ti-cgt-arm_16.9.4.LTS\lib\</path>
         <kind>archive</kind>
         <file>rtsv7M4_T_le_v4SPD16_eabi.lib</file>
         <name>k_sin.obj</name>
      </input_file>
      <input_file id="fl-f7">
         <path>C:\ti\ccsv7\tools\compiler\ti-cgt-arm_16.9.4.LTS\lib\</path>
         <kind>archive</kind>
         <file>rtsv7M4_T_le_v4SPD16_eabi.lib</file>
         <name>l_div0.obj</name>
      </input_file>
      <input_file id="fl-f8">
         <path>C:\ti\ccsv7\tools\compiler\ti-cgt-arm_16.9.4.LTS\lib\</path>
         <kind>archive</kind>
         <file>rtsv7M4_T_le_v4SPD16_eabi.lib</file>
         <name>ltoa.obj</name>
      </input_file>
      <input_file id="fl-f9">
         <path>C:\ti\ccsv7\tools\compiler\ti-cgt-arm_16.9.4.LTS\lib\</path>
         <kind>archive</kind>
         <file>rtsv7M4_T_le_v4SPD16_eabi.lib</file>
         <name>memccpy.obj</name>
      </input_file>
      <input_file id="fl-fa">
         <path>C:\ti\ccsv7\tools\compiler\ti-cgt-arm_16.9.4.LTS\lib\</path>
         <kind>archive</kind>
         <file>rtsv7M4_T_le_v4SPD16_eabi.lib</file>
         <name>s_floor.obj</name>
      </input_file>
      <input_file id="fl-fb">
         <path>C:\ti\ccsv7\tools\compiler\ti-cgt-arm_16.9.4.LTS\lib\</path>
         <kind>archive</kind>
         <file>rtsv7M4_T_le_v4SPD16_eabi.lib</file>
         <name>s_frexp.obj</name>
      </input_file>
      <input_file id="fl-fc">
         <path>C:\ti\ccsv7\tools\compiler\ti-cgt-arm_16.9.4.LTS\lib\</path>
         <kind>archive</kind>
         <file>rtsv7M4_T_le_v4SPD16_eabi.lib</file>
         <name>s_scalbn.obj</name>
      </input_file>
      <input_file id="fl-fd">
         <path>C:\ti\ccsv7\tools\compiler\ti-cgt-arm_16.9.4.LTS\lib\</path>
         <kind>archive</kind>
         <file>rtsv7M4_T_le_v4SPD16_eabi.lib</file>
         <name>startup.obj</name>
      </input_file>
      <input_file id="fl-fe">
         <path>C:\ti\ccsv7\tools\compiler\ti-cgt-arm_16.9.4.LTS\lib\</path>
         <kind>archive</kind>
         <file>rtsv7M4_T_le_v4SPD16_eabi.lib</file>
         <name>strchr.obj</name>
      </input_file>
      <input_file id="fl-ff">
         <path>C:\ti\ccsv7\tools\compiler\ti-cgt-arm_16.9.4.LTS\lib\</path>
         <kind>archive</kind>
         <file>rtsv7M4_T_le_v4SPD16_eabi.lib</file>
         <name>strlen.obj</name>
      </input_file>
      <input_file id="fl-100">
         <path>C:\ti\ccsv7\tools\compiler\ti-cgt-arm_16.9.4.LTS\lib\</path>
         <kind>archive</kind>
         <file>rtsv7M4_T_le_v4SPD16_eabi.lib</file>
         <name>ull_div_t2.obj</name>
      </input_file>
      <input_file id="fl-101">
         <path>C:\ti\ccsv7\tools\compiler\ti-cgt-arm_16.9.4.LTS\lib\</path>
         <kind>archive</kind>
         <file>rtsv7M4_T_le_v4SPD16_eabi.lib</file>
         <name>s_copysign.obj</name>
      </input_file>
   </input_file_list>
   <object_component_list>
      <object_component id="oc-f">
         <name>.intvecs</name>
         <load_address>0x0</load_address>
         <run_address>0x0</run_address>
         <size>0x208</size>
         <input_file_ref idref="fl-4"/>
      </object_component>
      <object_component id="oc-36b">
         <name>.text</name>
         <load_address>0x208</load_address>
         <run_address>0x208</run_address>
         <size>0xd5d0</size>
         <input_file_ref idref="fl-12"/>
      </object_component>
      <object_component id="oc-a7">
         <name>.text</name>
         <load_address>0xd7d8</load_address>
         <run_address>0xd7d8</run_address>
         <size>0x42fc</size>
         <input_file_ref idref="fl-3"/>
      </object_component>
      <object_component id="oc-19a">
         <name>.text</name>
         <load_address>0x11ad4</load_address>
         <run_address>0x11ad4</run_address>
         <size>0x1e2c</size>
         <input_file_ref idref="fl-f"/>
      </object_component>
      <object_component id="oc-25b">
         <name>.text</name>
         <load_address>0x13900</load_address>
         <run_address>0x13900</run_address>
         <size>0x113e</size>
         <input_file_ref idref="fl-ec"/>
      </object_component>
      <object_component id="oc-3ff">
         <name>.text</name>
         <load_address>0x14a3e</load_address>
         <run_address>0x14a3e</run_address>
         <size>0x2</size>
         <input_file_ref idref="fl-f3"/>
      </object_component>
      <object_component id="oc-104">
         <name>.text</name>
         <load_address>0x14a40</load_address>
         <run_address>0x14a40</run_address>
         <size>0xe74</size>
         <input_file_ref idref="fl-2"/>
      </object_component>
      <object_component id="oc-1e0">
         <name>.text</name>
         <load_address>0x158b4</load_address>
         <run_address>0x158b4</run_address>
         <size>0xc44</size>
         <input_file_ref idref="fl-11"/>
      </object_component>
      <object_component id="oc-2e7">
         <name>.text</name>
         <load_address>0x164f8</load_address>
         <run_address>0x164f8</run_address>
         <size>0x738</size>
         <input_file_ref idref="fl-f5"/>
      </object_component>
      <object_component id="oc-135">
         <name>.text</name>
         <load_address>0x16c30</load_address>
         <run_address>0x16c30</run_address>
         <size>0x5dc</size>
         <input_file_ref idref="fl-e3"/>
      </object_component>
      <object_component id="oc-140">
         <name>.text</name>
         <load_address>0x1720c</load_address>
         <run_address>0x1720c</run_address>
         <size>0x5c4</size>
         <input_file_ref idref="fl-e6"/>
      </object_component>
      <object_component id="oc-fe">
         <name>.text</name>
         <load_address>0x177d0</load_address>
         <run_address>0x177d0</run_address>
         <size>0x49c</size>
         <input_file_ref idref="fl-5"/>
      </object_component>
      <object_component id="oc-15e">
         <name>.text</name>
         <load_address>0x17c6c</load_address>
         <run_address>0x17c6c</run_address>
         <size>0x3f4</size>
         <input_file_ref idref="fl-c"/>
      </object_component>
      <object_component id="oc-1da">
         <name>.text</name>
         <load_address>0x18060</load_address>
         <run_address>0x18060</run_address>
         <size>0x28c</size>
         <input_file_ref idref="fl-10"/>
      </object_component>
      <object_component id="oc-33a">
         <name>.text</name>
         <load_address>0x182ec</load_address>
         <run_address>0x182ec</run_address>
         <size>0x21e</size>
         <input_file_ref idref="fl-dd"/>
      </object_component>
      <object_component id="oc-442">
         <name>.text</name>
         <load_address>0x1850a</load_address>
         <run_address>0x1850a</run_address>
         <size>0x2</size>
         <input_file_ref idref="fl-f7"/>
      </object_component>
      <object_component id="oc-321">
         <name>.text</name>
         <load_address>0x1850c</load_address>
         <run_address>0x1850c</run_address>
         <size>0x1fc</size>
         <input_file_ref idref="fl-e4"/>
      </object_component>
      <object_component id="oc-3ab">
         <name>.text</name>
         <load_address>0x18708</load_address>
         <run_address>0x18708</run_address>
         <size>0x1f4</size>
         <input_file_ref idref="fl-100"/>
      </object_component>
      <object_component id="oc-ec">
         <name>.text:SysCtlClockFreqSet</name>
         <load_address>0x188fc</load_address>
         <run_address>0x188fc</run_address>
         <size>0x1ec</size>
         <input_file_ref idref="fl-17"/>
      </object_component>
      <object_component id="oc-14c">
         <name>.text</name>
         <load_address>0x18ae8</load_address>
         <run_address>0x18ae8</run_address>
         <size>0x1b6</size>
         <input_file_ref idref="fl-d5"/>
      </object_component>
      <object_component id="oc-57">
         <name>.text</name>
         <load_address>0x18c9e</load_address>
         <run_address>0x18c9e</run_address>
         <size>0x2</size>
         <input_file_ref idref="fl-e1"/>
      </object_component>
      <object_component id="oc-2ed">
         <name>.text</name>
         <load_address>0x18ca0</load_address>
         <run_address>0x18ca0</run_address>
         <size>0x174</size>
         <input_file_ref idref="fl-f6"/>
      </object_component>
      <object_component id="oc-2dc">
         <name>.text</name>
         <load_address>0x18e14</load_address>
         <run_address>0x18e14</run_address>
         <size>0x16c</size>
         <input_file_ref idref="fl-f4"/>
      </object_component>
      <object_component id="oc-126">
         <name>.text</name>
         <load_address>0x18f80</load_address>
         <run_address>0x18f80</run_address>
         <size>0x136</size>
         <input_file_ref idref="fl-d7"/>
      </object_component>
      <object_component id="oc-236">
         <name>.text:GPIOPadConfigSet</name>
         <load_address>0x190b6</load_address>
         <run_address>0x190b6</run_address>
         <size>0x132</size>
         <input_file_ref idref="fl-13"/>
      </object_component>
      <object_component id="oc-194">
         <name>.text</name>
         <load_address>0x191e8</load_address>
         <run_address>0x191e8</run_address>
         <size>0x120</size>
         <input_file_ref idref="fl-e"/>
      </object_component>
      <object_component id="oc-121">
         <name>.text</name>
         <load_address>0x19308</load_address>
         <run_address>0x19308</run_address>
         <size>0xfc</size>
         <input_file_ref idref="fl-d8"/>
      </object_component>
      <object_component id="oc-3c2">
         <name>.text</name>
         <load_address>0x19404</load_address>
         <run_address>0x19404</run_address>
         <size>0xfc</size>
         <input_file_ref idref="fl-fc"/>
      </object_component>
      <object_component id="oc-2fd">
         <name>.text</name>
         <load_address>0x19500</load_address>
         <run_address>0x19500</run_address>
         <size>0xf8</size>
         <input_file_ref idref="fl-fa"/>
      </object_component>
      <object_component id="oc-18e">
         <name>.text</name>
         <load_address>0x195f8</load_address>
         <run_address>0x195f8</run_address>
         <size>0xd8</size>
         <input_file_ref idref="fl-d"/>
      </object_component>
      <object_component id="oc-146">
         <name>.text</name>
         <load_address>0x196d0</load_address>
         <run_address>0x196d0</run_address>
         <size>0xc0</size>
         <input_file_ref idref="fl-e5"/>
      </object_component>
      <object_component id="oc-3f">
         <name>.text</name>
         <load_address>0x19790</load_address>
         <run_address>0x19790</run_address>
         <size>0x9c</size>
         <input_file_ref idref="fl-df"/>
      </object_component>
      <object_component id="oc-2e2">
         <name>.text:__aeabi_cdcmple</name>
         <load_address>0x1982c</load_address>
         <run_address>0x1982c</run_address>
         <size>0x86</size>
         <input_file_ref idref="fl-d6"/>
      </object_component>
      <object_component id="oc-330">
         <name>.text:__aeabi_cdrcmple</name>
         <load_address>0x198b2</load_address>
         <run_address>0x198b2</run_address>
         <size>0x86</size>
         <input_file_ref idref="fl-d6"/>
      </object_component>
      <object_component id="oc-4b">
         <name>.text</name>
         <load_address>0x19938</load_address>
         <run_address>0x19938</run_address>
         <size>0x7a</size>
         <input_file_ref idref="fl-e0"/>
      </object_component>
      <object_component id="oc-9f">
         <name>.text</name>
         <load_address>0x199b2</load_address>
         <run_address>0x199b2</run_address>
         <size>0x2</size>
         <input_file_ref idref="fl-fd"/>
      </object_component>
      <object_component id="oc-63">
         <name>.text</name>
         <load_address>0x199b4</load_address>
         <run_address>0x199b4</run_address>
         <size>0x70</size>
         <input_file_ref idref="fl-ef"/>
      </object_component>
      <object_component id="oc-12b">
         <name>.text</name>
         <load_address>0x19a24</load_address>
         <run_address>0x19a24</run_address>
         <size>0x6e</size>
         <input_file_ref idref="fl-da"/>
      </object_component>
      <object_component id="oc-1c2">
         <name>.text:IntEnable</name>
         <load_address>0x19a94</load_address>
         <run_address>0x19a94</run_address>
         <size>0x68</size>
         <input_file_ref idref="fl-15"/>
      </object_component>
      <object_component id="oc-12">
         <name>.text:decompress:lzss</name>
         <load_address>0x19afc</load_address>
         <run_address>0x19afc</run_address>
         <size>0x68</size>
         <input_file_ref idref="fl-d1"/>
      </object_component>
      <object_component id="oc-3bc">
         <name>.text</name>
         <load_address>0x19b64</load_address>
         <run_address>0x19b64</run_address>
         <size>0x64</size>
         <input_file_ref idref="fl-fb"/>
      </object_component>
      <object_component id="oc-1b0">
         <name>.text:TimerConfigure</name>
         <load_address>0x19bc8</load_address>
         <run_address>0x19bc8</run_address>
         <size>0x60</size>
         <input_file_ref idref="fl-18"/>
      </object_component>
      <object_component id="oc-f8">
         <name>.text</name>
         <load_address>0x19c28</load_address>
         <run_address>0x19c28</run_address>
         <size>0x60</size>
         <input_file_ref idref="fl-e7"/>
      </object_component>
      <object_component id="oc-24">
         <name>.text</name>
         <load_address>0x19c88</load_address>
         <run_address>0x19c88</run_address>
         <size>0x54</size>
         <input_file_ref idref="fl-d0"/>
      </object_component>
      <object_component id="oc-6f">
         <name>.text</name>
         <load_address>0x19cdc</load_address>
         <run_address>0x19cdc</run_address>
         <size>0x54</size>
         <input_file_ref idref="fl-d4"/>
      </object_component>
      <object_component id="oc-3b6">
         <name>.text</name>
         <load_address>0x19d30</load_address>
         <run_address>0x19d30</run_address>
         <size>0x54</size>
         <input_file_ref idref="fl-f8"/>
      </object_component>
      <object_component id="oc-17c">
         <name>.text:I2CMasterInitExpClk</name>
         <load_address>0x19d84</load_address>
         <run_address>0x19d84</run_address>
         <size>0x4c</size>
         <input_file_ref idref="fl-14"/>
      </object_component>
      <object_component id="oc-349">
         <name>.text:_TimerIntNumberGet</name>
         <load_address>0x19dd0</load_address>
         <run_address>0x19dd0</run_address>
         <size>0x4c</size>
         <input_file_ref idref="fl-18"/>
      </object_component>
      <object_component id="oc-3ce">
         <name>.text</name>
         <load_address>0x19e1c</load_address>
         <run_address>0x19e1c</run_address>
         <size>0x4c</size>
         <input_file_ref idref="fl-ee"/>
      </object_component>
      <object_component id="oc-99">
         <name>.text</name>
         <load_address>0x19e68</load_address>
         <run_address>0x19e68</run_address>
         <size>0x4c</size>
         <input_file_ref idref="fl-f0"/>
      </object_component>
      <object_component id="oc-16a">
         <name>.text:GPIOPinConfigure</name>
         <load_address>0x19eb4</load_address>
         <run_address>0x19eb4</run_address>
         <size>0x48</size>
         <input_file_ref idref="fl-13"/>
      </object_component>
      <object_component id="oc-249">
         <name>.text:_SysCtlFrequencyGet</name>
         <load_address>0x19efc</load_address>
         <run_address>0x19efc</run_address>
         <size>0x48</size>
         <input_file_ref idref="fl-17"/>
      </object_component>
      <object_component id="oc-13b">
         <name>.text</name>
         <load_address>0x19f44</load_address>
         <run_address>0x19f44</run_address>
         <size>0x48</size>
         <input_file_ref idref="fl-d9"/>
      </object_component>
      <object_component id="oc-26e">
         <name>.text:UARTConfigSetExpClk</name>
         <load_address>0x19f8c</load_address>
         <run_address>0x19f8c</run_address>
         <size>0x46</size>
         <input_file_ref idref="fl-19"/>
      </object_component>
      <object_component id="oc-28f">
         <name>.text</name>
         <load_address>0x19fd2</load_address>
         <run_address>0x19fd2</run_address>
         <size>0x40</size>
         <input_file_ref idref="fl-e9"/>
      </object_component>
      <object_component id="oc-29f">
         <name>.text:SSIConfigSetExpClk</name>
         <load_address>0x1a012</load_address>
         <run_address>0x1a012</run_address>
         <size>0x3c</size>
         <input_file_ref idref="fl-16"/>
      </object_component>
      <object_component id="oc-268">
         <name>.text:SysCtlPeripheralPresent</name>
         <load_address>0x1a050</load_address>
         <run_address>0x1a050</run_address>
         <size>0x38</size>
         <input_file_ref idref="fl-17"/>
      </object_component>
      <object_component id="oc-130">
         <name>.text</name>
         <load_address>0x1a088</load_address>
         <run_address>0x1a088</run_address>
         <size>0x38</size>
         <input_file_ref idref="fl-db"/>
      </object_component>
      <object_component id="oc-34f">
         <name>.text:IntRegister</name>
         <load_address>0x1a0c0</load_address>
         <run_address>0x1a0c0</run_address>
         <size>0x34</size>
         <input_file_ref idref="fl-15"/>
      </object_component>
      <object_component id="oc-e0">
         <name>.text:SysCtlPeripheralEnable</name>
         <load_address>0x1a0f4</load_address>
         <run_address>0x1a0f4</run_address>
         <size>0x34</size>
         <input_file_ref idref="fl-17"/>
      </object_component>
      <object_component id="oc-11c">
         <name>.text</name>
         <load_address>0x1a128</load_address>
         <run_address>0x1a128</run_address>
         <size>0x2e</size>
         <input_file_ref idref="fl-dc"/>
      </object_component>
      <object_component id="oc-23c">
         <name>.text:GPIODirModeSet</name>
         <load_address>0x1a156</load_address>
         <run_address>0x1a156</run_address>
         <size>0x2a</size>
         <input_file_ref idref="fl-13"/>
      </object_component>
      <object_component id="oc-3ee">
         <name>.text:UARTDisable</name>
         <load_address>0x1a180</load_address>
         <run_address>0x1a180</run_address>
         <size>0x20</size>
         <input_file_ref idref="fl-19"/>
      </object_component>
      <object_component id="oc-243">
         <name>.text:_SysCtlMemTimingGet</name>
         <load_address>0x1a1a0</load_address>
         <run_address>0x1a1a0</run_address>
         <size>0x20</size>
         <input_file_ref idref="fl-17"/>
      </object_component>
      <object_component id="oc-31c">
         <name>.text</name>
         <load_address>0x1a1c0</load_address>
         <run_address>0x1a1c0</run_address>
         <size>0x20</size>
         <input_file_ref idref="fl-ea"/>
      </object_component>
      <object_component id="oc-3d4">
         <name>.text</name>
         <load_address>0x1a1e0</load_address>
         <run_address>0x1a1e0</run_address>
         <size>0x1c</size>
         <input_file_ref idref="fl-f9"/>
      </object_component>
      <object_component id="oc-e6">
         <name>.text:GPIOPinTypeGPIOOutput</name>
         <load_address>0x1a1fc</load_address>
         <run_address>0x1a1fc</run_address>
         <size>0x18</size>
         <input_file_ref idref="fl-13"/>
      </object_component>
      <object_component id="oc-1bc">
         <name>.text:TimerIntRegister</name>
         <load_address>0x1a214</load_address>
         <run_address>0x1a214</run_address>
         <size>0x18</size>
         <input_file_ref idref="fl-18"/>
      </object_component>
      <object_component id="oc-69">
         <name>.text</name>
         <load_address>0x1a22c</load_address>
         <run_address>0x1a22c</run_address>
         <size>0x18</size>
         <input_file_ref idref="fl-ed"/>
      </object_component>
      <object_component id="oc-335">
         <name>.text</name>
         <load_address>0x1a244</load_address>
         <run_address>0x1a244</run_address>
         <size>0x18</size>
         <input_file_ref idref="fl-de"/>
      </object_component>
      <object_component id="oc-3c8">
         <name>.text</name>
         <load_address>0x1a25c</load_address>
         <run_address>0x1a25c</run_address>
         <size>0x16</size>
         <input_file_ref idref="fl-fe"/>
      </object_component>
      <object_component id="oc-274">
         <name>.text:UARTEnable</name>
         <load_address>0x1a272</load_address>
         <run_address>0x1a272</run_address>
         <size>0x14</size>
         <input_file_ref idref="fl-19"/>
      </object_component>
      <object_component id="oc-214">
         <name>.text</name>
         <load_address>0x1a288</load_address>
         <run_address>0x1a288</run_address>
         <size>0x14</size>
         <input_file_ref idref="fl-eb"/>
      </object_component>
      <object_component id="oc-48e">
         <name>.text</name>
         <load_address>0x1a29c</load_address>
         <run_address>0x1a29c</run_address>
         <size>0x14</size>
         <input_file_ref idref="fl-101"/>
      </object_component>
      <object_component id="oc-3b0">
         <name>.text</name>
         <load_address>0x1a2b0</load_address>
         <run_address>0x1a2b0</run_address>
         <size>0x14</size>
         <input_file_ref idref="fl-ff"/>
      </object_component>
      <object_component id="oc-176">
         <name>.text:GPIOPinTypeI2C</name>
         <load_address>0x1a2c4</load_address>
         <run_address>0x1a2c4</run_address>
         <size>0x12</size>
         <input_file_ref idref="fl-13"/>
      </object_component>
      <object_component id="oc-170">
         <name>.text:GPIOPinTypeI2CSCL</name>
         <load_address>0x1a2d6</load_address>
         <run_address>0x1a2d6</run_address>
         <size>0x12</size>
         <input_file_ref idref="fl-13"/>
      </object_component>
      <object_component id="oc-299">
         <name>.text:GPIOPinTypeSSI</name>
         <load_address>0x1a2e8</load_address>
         <run_address>0x1a2e8</run_address>
         <size>0x12</size>
         <input_file_ref idref="fl-13"/>
      </object_component>
      <object_component id="oc-188">
         <name>.text:GPIOPinTypeUART</name>
         <load_address>0x1a2fa</load_address>
         <run_address>0x1a2fa</run_address>
         <size>0x12</size>
         <input_file_ref idref="fl-13"/>
      </object_component>
      <object_component id="oc-1b6">
         <name>.text:TimerLoadSet</name>
         <load_address>0x1a30c</load_address>
         <run_address>0x1a30c</run_address>
         <size>0x12</size>
         <input_file_ref idref="fl-18"/>
      </object_component>
      <object_component id="oc-1ce">
         <name>.text:IntMasterEnable</name>
         <load_address>0x1a31e</load_address>
         <run_address>0x1a31e</run_address>
         <size>0x10</size>
         <input_file_ref idref="fl-15"/>
      </object_component>
      <object_component id="oc-1d4">
         <name>.text:TimerEnable</name>
         <load_address>0x1a32e</load_address>
         <run_address>0x1a32e</run_address>
         <size>0xe</size>
         <input_file_ref idref="fl-18"/>
      </object_component>
      <object_component id="oc-18">
         <name>.text:decompress:none</name>
         <load_address>0x1a33c</load_address>
         <run_address>0x1a33c</run_address>
         <size>0xe</size>
         <input_file_ref idref="fl-d2"/>
      </object_component>
      <object_component id="oc-35c">
         <name>.text:CPUcpsie</name>
         <load_address>0x1a34a</load_address>
         <run_address>0x1a34a</run_address>
         <size>0xc</size>
         <input_file_ref idref="fl-1a"/>
      </object_component>
      <object_component id="oc-2b7">
         <name>.text:SSIDataGet</name>
         <load_address>0x1a356</load_address>
         <run_address>0x1a356</run_address>
         <size>0xc</size>
         <input_file_ref idref="fl-16"/>
      </object_component>
      <object_component id="oc-1e">
         <name>.text:decompress:ZI</name>
         <load_address>0x1a362</load_address>
         <run_address>0x1a362</run_address>
         <size>0xc</size>
         <input_file_ref idref="fl-d3"/>
      </object_component>
      <object_component id="oc-2b">
         <name>.text</name>
         <load_address>0x1a36e</load_address>
         <run_address>0x1a36e</run_address>
         <size>0xc</size>
         <input_file_ref idref="fl-4"/>
      </object_component>
      <object_component id="oc-182">
         <name>.text:I2CMasterEnable</name>
         <load_address>0x1a37a</load_address>
         <run_address>0x1a37a</run_address>
         <size>0xa</size>
         <input_file_ref idref="fl-14"/>
      </object_component>
      <object_component id="oc-2ab">
         <name>.text:SSIDataPut</name>
         <load_address>0x1a384</load_address>
         <run_address>0x1a384</run_address>
         <size>0xa</size>
         <input_file_ref idref="fl-16"/>
      </object_component>
      <object_component id="oc-2a5">
         <name>.text:SSIEnable</name>
         <load_address>0x1a38e</load_address>
         <run_address>0x1a38e</run_address>
         <size>0xa</size>
         <input_file_ref idref="fl-16"/>
      </object_component>
      <object_component id="oc-280">
         <name>.text:UARTCharGet</name>
         <load_address>0x1a398</load_address>
         <run_address>0x1a398</run_address>
         <size>0xa</size>
         <input_file_ref idref="fl-19"/>
      </object_component>
      <object_component id="oc-27a">
         <name>.text:UARTCharPut</name>
         <load_address>0x1a3a2</load_address>
         <run_address>0x1a3a2</run_address>
         <size>0xa</size>
         <input_file_ref idref="fl-19"/>
      </object_component>
      <object_component id="oc-308">
         <name>.text:I2CMasterBusy</name>
         <load_address>0x1a3ac</load_address>
         <run_address>0x1a3ac</run_address>
         <size>0x8</size>
         <input_file_ref idref="fl-14"/>
      </object_component>
      <object_component id="oc-f2">
         <name>.text:I2CMasterSlaveAddrSet</name>
         <load_address>0x1a3b4</load_address>
         <run_address>0x1a3b4</run_address>
         <size>0x8</size>
         <input_file_ref idref="fl-14"/>
      </object_component>
      <object_component id="oc-2b1">
         <name>.text:SSIBusy</name>
         <load_address>0x1a3bc</load_address>
         <run_address>0x1a3bc</run_address>
         <size>0x8</size>
         <input_file_ref idref="fl-16"/>
      </object_component>
      <object_component id="oc-1c8">
         <name>.text:TimerIntEnable</name>
         <load_address>0x1a3c4</load_address>
         <run_address>0x1a3c4</run_address>
         <size>0x8</size>
         <input_file_ref idref="fl-18"/>
      </object_component>
      <object_component id="oc-d0">
         <name>.text:GPIOPinWrite</name>
         <load_address>0x1a3cc</load_address>
         <run_address>0x1a3cc</run_address>
         <size>0x6</size>
         <input_file_ref idref="fl-13"/>
      </object_component>
      <object_component id="oc-d6">
         <name>.text:SysCtlDelay</name>
         <load_address>0x1a3d2</load_address>
         <run_address>0x1a3d2</run_address>
         <size>0x6</size>
         <input_file_ref idref="fl-17"/>
      </object_component>
      <object_component id="oc-1aa">
         <name>.text:TimerClockSourceSet</name>
         <load_address>0x1a3d8</load_address>
         <run_address>0x1a3d8</run_address>
         <size>0x6</size>
         <input_file_ref idref="fl-18"/>
      </object_component>
      <object_component id="oc-158">
         <name>.text:I2CMasterControl</name>
         <load_address>0x1a3de</load_address>
         <run_address>0x1a3de</run_address>
         <size>0x4</size>
         <input_file_ref idref="fl-14"/>
      </object_component>
      <object_component id="oc-164">
         <name>.text:I2CMasterDataGet</name>
         <load_address>0x1a3e2</load_address>
         <run_address>0x1a3e2</run_address>
         <size>0x4</size>
         <input_file_ref idref="fl-14"/>
      </object_component>
      <object_component id="oc-152">
         <name>.text:I2CMasterDataPut</name>
         <load_address>0x1a3e6</load_address>
         <run_address>0x1a3e6</run_address>
         <size>0x4</size>
         <input_file_ref idref="fl-14"/>
      </object_component>
      <object_component id="oc-1e7">
         <name>.text:TimerIntClear</name>
         <load_address>0x1a3ea</load_address>
         <run_address>0x1a3ea</run_address>
         <size>0x4</size>
         <input_file_ref idref="fl-18"/>
      </object_component>
      <object_component id="oc-5d">
         <name>.text</name>
         <load_address>0x1a3ee</load_address>
         <run_address>0x1a3ee</run_address>
         <size>0x4</size>
         <input_file_ref idref="fl-e2"/>
      </object_component>
      <object_component id="oc-202">
         <name>.const:.string:huerto_RawData</name>
         <load_address>0x1a3f8</load_address>
         <run_address>0x1a3f8</run_address>
         <size>0x12c00</size>
         <input_file_ref idref="fl-3"/>
      </object_component>
      <object_component id="oc-1ff">
         <name>.const:.string:batata_RawData</name>
         <load_address>0x2cff8</load_address>
         <run_address>0x2cff8</run_address>
         <size>0x1000</size>
         <input_file_ref idref="fl-3"/>
      </object_component>
      <object_component id="oc-1f9">
         <name>.const:.string:girasol_RawData</name>
         <load_address>0x2dff8</load_address>
         <run_address>0x2dff8</run_address>
         <size>0x1000</size>
         <input_file_ref idref="fl-3"/>
      </object_component>
      <object_component id="oc-1fc">
         <name>.const:.string:lirio_RawData</name>
         <load_address>0x2eff8</load_address>
         <run_address>0x2eff8</run_address>
         <size>0x1000</size>
         <input_file_ref idref="fl-3"/>
      </object_component>
      <object_component id="oc-1f6">
         <name>.const:.string:tomate_RawData</name>
         <load_address>0x2fff8</load_address>
         <run_address>0x2fff8</run_address>
         <size>0x1000</size>
         <input_file_ref idref="fl-3"/>
      </object_component>
      <object_component id="oc-435">
         <name>.const:tbl</name>
         <load_address>0x30ff8</load_address>
         <run_address>0x30ff8</run_address>
         <size>0x1000</size>
         <input_file_ref idref="fl-e4"/>
      </object_component>
      <object_component id="oc-252">
         <name>.const:g_pppui32XTALtoVCO</name>
         <load_address>0x31ff8</load_address>
         <run_address>0x31ff8</run_address>
         <size>0x1b0</size>
         <input_file_ref idref="fl-17"/>
      </object_component>
      <object_component id="oc-417">
         <name>.const:$O1$$</name>
         <load_address>0x321a8</load_address>
         <run_address>0x321a8</run_address>
         <size>0x158</size>
         <input_file_ref idref="fl-f5"/>
      </object_component>
      <object_component id="oc-498">
         <name>.const:.string:_ctypes_</name>
         <load_address>0x32300</load_address>
         <run_address>0x32300</run_address>
         <size>0x101</size>
         <input_file_ref idref="fl-f1"/>
      </object_component>
      <object_component id="oc-476">
         <name>.const:.string:INVALID_OFFSET</name>
         <load_address>0x32401</load_address>
         <run_address>0x32401</run_address>
         <size>0x3</size>
         <input_file_ref idref="fl-12"/>
      </object_component>
      <object_component id="oc-313">
         <name>.const:g_pui32GPIOBaseAddrs</name>
         <load_address>0x32404</load_address>
         <run_address>0x32404</run_address>
         <size>0x90</size>
         <input_file_ref idref="fl-13"/>
      </object_component>
      <object_component id="oc-356">
         <name>.const</name>
         <load_address>0x32494</load_address>
         <run_address>0x32494</run_address>
         <size>0x70</size>
         <input_file_ref idref="fl-15"/>
      </object_component>
      <object_component id="oc-24f">
         <name>.const:g_pui32Xtals</name>
         <load_address>0x32504</load_address>
         <run_address>0x32504</run_address>
         <size>0x6c</size>
         <input_file_ref idref="fl-17"/>
      </object_component>
      <object_component id="oc-1f3">
         <name>.const:RawData_Header</name>
         <load_address>0x32570</load_address>
         <run_address>0x32570</run_address>
         <size>0x64</size>
         <input_file_ref idref="fl-3"/>
      </object_component>
      <object_component id="oc-44b">
         <name>.const:g_ppui32TimerIntMap</name>
         <load_address>0x325d4</load_address>
         <run_address>0x325d4</run_address>
         <size>0x60</size>
         <input_file_ref idref="fl-18"/>
      </object_component>
      <object_component id="oc-44e">
         <name>.const:g_ppui32TimerIntMapSnowflake</name>
         <load_address>0x32634</load_address>
         <run_address>0x32634</run_address>
         <size>0x40</size>
         <input_file_ref idref="fl-18"/>
      </object_component>
      <object_component id="oc-39e">
         <name>.const:g_sXTALtoMEMTIM</name>
         <load_address>0x32674</load_address>
         <run_address>0x32674</run_address>
         <size>0x30</size>
         <input_file_ref idref="fl-17"/>
      </object_component>
      <object_component id="oc-1f0">
         <name>.const:REG_CAL</name>
         <load_address>0x326a4</load_address>
         <run_address>0x326a4</run_address>
         <size>0x18</size>
         <input_file_ref idref="fl-3"/>
      </object_component>
      <object_component id="oc-406">
         <name>.const:.string</name>
         <load_address>0x326bc</load_address>
         <run_address>0x326bc</run_address>
         <size>0x12</size>
         <input_file_ref idref="fl-5"/>
      </object_component>
      <object_component id="oc-28c">
         <name>.const:g_ui32UARTBase</name>
         <load_address>0x326d0</load_address>
         <run_address>0x326d0</run_address>
         <size>0xc</size>
         <input_file_ref idref="fl-5"/>
      </object_component>
      <object_component id="oc-286">
         <name>.const:g_ui32UARTPeriph</name>
         <load_address>0x326dc</load_address>
         <run_address>0x326dc</run_address>
         <size>0xc</size>
         <input_file_ref idref="fl-5"/>
      </object_component>
      <object_component id="oc-479">
         <name>.const:yas532_version_ac_coef</name>
         <load_address>0x326e8</load_address>
         <run_address>0x326e8</run_address>
         <size>0xc</size>
         <input_file_ref idref="fl-12"/>
      </object_component>
      <object_component id="oc-255">
         <name>.const</name>
         <load_address>0x326f4</load_address>
         <run_address>0x326f4</run_address>
         <size>0x8</size>
         <input_file_ref idref="fl-17"/>
      </object_component>
      <object_component id="oc-47d">
         <name>.const:v_calib_data$2</name>
         <load_address>0x326fc</load_address>
         <run_address>0x326fc</run_address>
         <size>0x8</size>
         <input_file_ref idref="fl-12"/>
      </object_component>
      <object_component id="oc-367">
         <name>.const:.string:$P$T0$1</name>
         <load_address>0x32704</load_address>
         <run_address>0x32704</run_address>
         <size>0x5</size>
         <input_file_ref idref="fl-10"/>
      </object_component>
      <object_component id="oc-47c">
         <name>.const:.string:v_correct_u8$1</name>
         <load_address>0x32709</load_address>
         <run_address>0x32709</run_address>
         <size>0x5</size>
         <input_file_ref idref="fl-12"/>
      </object_component>
      <object_component id="oc-294">
         <name>.const</name>
         <load_address>0x32710</load_address>
         <run_address>0x32710</run_address>
         <size>0x4</size>
         <input_file_ref idref="fl-5"/>
      </object_component>
      <object_component id="oc-50b">
         <name>.cinit..data.load</name>
         <load_address>0x32718</load_address>
         <run_address>0x32718</run_address>
         <size>0x42</size>
      </object_component>
      <object_component id="oc-508">
         <name>__TI_handler_table</name>
         <load_address>0x3275c</load_address>
         <run_address>0x3275c</run_address>
         <size>0xc</size>
      </object_component>
      <object_component id="oc-50c">
         <name>.cinit..bss.load</name>
         <load_address>0x32768</load_address>
         <run_address>0x32768</run_address>
         <size>0x8</size>
      </object_component>
      <object_component id="oc-50a">
         <name>.cinit..vtable.load</name>
         <load_address>0x32770</load_address>
         <run_address>0x32770</run_address>
         <size>0x8</size>
      </object_component>
      <object_component id="oc-509">
         <name>__TI_cinit_table</name>
         <load_address>0x32778</load_address>
         <run_address>0x32778</run_address>
         <size>0x18</size>
      </object_component>
      <object_component id="oc-452">
         <name>.vtable</name>
         <uninitialized>true</uninitialized>
         <run_address>0x20000000</run_address>
         <size>0x26c</size>
         <input_file_ref idref="fl-15"/>
      </object_component>
      <object_component id="oc-dd">
         <name>.data</name>
         <load_address>0x20001b14</load_address>
         <run_address>0x20001b14</run_address>
         <size>0x50</size>
         <input_file_ref idref="fl-3"/>
      </object_component>
      <object_component id="oc-da">
         <name>.data:Paso</name>
         <load_address>0x20001b64</load_address>
         <run_address>0x20001b64</run_address>
         <size>0x40</size>
         <input_file_ref idref="fl-3"/>
      </object_component>
      <object_component id="oc-d7">
         <name>.data:PinM</name>
         <load_address>0x20001ba4</load_address>
         <run_address>0x20001ba4</run_address>
         <size>0x10</size>
         <input_file_ref idref="fl-3"/>
      </object_component>
      <object_component id="oc-289">
         <name>.data</name>
         <load_address>0x20001bd0</load_address>
         <run_address>0x20001bd0</run_address>
         <size>0x5</size>
         <input_file_ref idref="fl-5"/>
      </object_component>
      <object_component id="oc-46a">
         <name>.data</name>
         <load_address>0x20001bc8</load_address>
         <run_address>0x20001bc8</run_address>
         <size>0x8</size>
         <input_file_ref idref="fl-12"/>
      </object_component>
      <object_component id="oc-462">
         <name>.data:v_fifo_data_u8</name>
         <load_address>0x20001714</load_address>
         <run_address>0x20001714</run_address>
         <size>0x400</size>
         <input_file_ref idref="fl-12"/>
      </object_component>
      <object_component id="oc-af">
         <name>.data:$O1$$</name>
         <load_address>0x20001bb4</load_address>
         <run_address>0x20001bb4</run_address>
         <size>0xc</size>
         <input_file_ref idref="fl-d4"/>
      </object_component>
      <object_component id="oc-75">
         <name>.data</name>
         <load_address>0x20001bdc</load_address>
         <run_address>0x20001bdc</run_address>
         <size>0x4</size>
         <input_file_ref idref="fl-e8"/>
      </object_component>
      <object_component id="oc-b2">
         <name>.data:$O1$$</name>
         <load_address>0x20001bc0</load_address>
         <run_address>0x20001bc0</run_address>
         <size>0x8</size>
         <input_file_ref idref="fl-eb"/>
      </object_component>
      <object_component id="oc-432">
         <name>.data</name>
         <load_address>0x20001bd8</load_address>
         <run_address>0x20001bd8</run_address>
         <size>0x4</size>
         <input_file_ref idref="fl-f2"/>
      </object_component>
      <object_component id="oc-328">
         <name>.bss</name>
         <uninitialized>true</uninitialized>
         <run_address>0x20000f0c</run_address>
         <size>0x2</size>
         <input_file_ref idref="fl-e"/>
      </object_component>
      <object_component id="oc-45f">
         <name>.bss</name>
         <uninitialized>true</uninitialized>
         <run_address>0x20000e8c</run_address>
         <size>0x4</size>
         <input_file_ref idref="fl-12"/>
      </object_component>
      <object_component id="oc-46d">
         <name>.bss:mag_trim</name>
         <uninitialized>true</uninitialized>
         <run_address>0x20000e58</run_address>
         <size>0x10</size>
         <input_file_ref idref="fl-12"/>
      </object_component>
      <object_component id="oc-470">
         <name>.bss:akm_asa_data</name>
         <uninitialized>true</uninitialized>
         <run_address>0x20000f00</run_address>
         <size>0x3</size>
         <input_file_ref idref="fl-12"/>
      </object_component>
      <object_component id="oc-473">
         <name>.bss:yas532_data</name>
         <uninitialized>true</uninitialized>
         <run_address>0x20000cb0</run_address>
         <size>0x70</size>
         <input_file_ref idref="fl-12"/>
      </object_component>
      <object_component id="oc-2c3">
         <name>.common:SSI_BASE</name>
         <uninitialized>true</uninitialized>
         <run_address>0x20000ebc</run_address>
         <size>0x4</size>
      </object_component>
      <object_component id="oc-2bd">
         <name>.common:CS_PORT</name>
         <uninitialized>true</uninitialized>
         <run_address>0x20000e98</run_address>
         <size>0x4</size>
      </object_component>
      <object_component id="oc-2c0">
         <name>.common:CS_PIN</name>
         <uninitialized>true</uninitialized>
         <run_address>0x20000e94</run_address>
         <size>0x4</size>
      </object_component>
      <object_component id="oc-2c1">
         <name>.common:PD_PORT</name>
         <uninitialized>true</uninitialized>
         <run_address>0x20000ea8</run_address>
         <size>0x4</size>
      </object_component>
      <object_component id="oc-2c2">
         <name>.common:PD_PIN</name>
         <uninitialized>true</uninitialized>
         <run_address>0x20000ea4</run_address>
         <size>0x4</size>
      </object_component>
      <object_component id="oc-10e">
         <name>.common:buffer</name>
         <uninitialized>true</uninitialized>
         <run_address>0x20000d20</run_address>
         <size>0x64</size>
      </object_component>
      <object_component id="oc-10a">
         <name>.common:horariego</name>
         <uninitialized>true</uninitialized>
         <run_address>0x20000f06</run_address>
         <size>0x3</size>
      </object_component>
      <object_component id="oc-151">
         <name>.common:diff</name>
         <uninitialized>true</uninitialized>
         <run_address>0x20000f03</run_address>
         <size>0x3</size>
      </object_component>
      <object_component id="oc-10f">
         <name>.common:temp</name>
         <uninitialized>true</uninitialized>
         <run_address>0x20000f09</run_address>
         <size>0x3</size>
      </object_component>
      <object_component id="oc-1e6">
         <name>.common:string</name>
         <uninitialized>true</uninitialized>
         <run_address>0x20000d84</run_address>
         <size>0x50</size>
      </object_component>
      <object_component id="oc-118">
         <name>.common:Tfinal</name>
         <uninitialized>true</uninitialized>
         <run_address>0x20000ed4</run_address>
         <size>0x4</size>
      </object_component>
      <object_component id="oc-1a1">
         <name>.common:lux</name>
         <uninitialized>true</uninitialized>
         <run_address>0x20000ed8</run_address>
         <size>0x4</size>
      </object_component>
      <object_component id="oc-11b">
         <name>.common:lux_i</name>
         <uninitialized>true</uninitialized>
         <run_address>0x20000edc</run_address>
         <size>0x4</size>
      </object_component>
      <object_component id="oc-1a2">
         <name>.common:T_amb</name>
         <uninitialized>true</uninitialized>
         <run_address>0x20000f0e</run_address>
         <size>0x2</size>
      </object_component>
      <object_component id="oc-1a3">
         <name>.common:T_obj</name>
         <uninitialized>true</uninitialized>
         <run_address>0x20000f10</run_address>
         <size>0x2</size>
      </object_component>
      <object_component id="oc-1a4">
         <name>.common:Tf_obj</name>
         <uninitialized>true</uninitialized>
         <run_address>0x20000ed0</run_address>
         <size>0x4</size>
      </object_component>
      <object_component id="oc-1a5">
         <name>.common:Tf_amb</name>
         <uninitialized>true</uninitialized>
         <run_address>0x20000ecc</run_address>
         <size>0x4</size>
      </object_component>
      <object_component id="oc-1a6">
         <name>.common:T_amb_i</name>
         <uninitialized>true</uninitialized>
         <run_address>0x20000ec4</run_address>
         <size>0x4</size>
      </object_component>
      <object_component id="oc-1a7">
         <name>.common:T_obj_i</name>
         <uninitialized>true</uninitialized>
         <run_address>0x20000ec8</run_address>
         <size>0x4</size>
      </object_component>
      <object_component id="oc-1a8">
         <name>.common:returnRslt</name>
         <uninitialized>true</uninitialized>
         <run_address>0x20000efc</run_address>
         <size>0x4</size>
      </object_component>
      <object_component id="oc-364">
         <name>.common:bme280</name>
         <uninitialized>true</uninitialized>
         <run_address>0x20000dd4</run_address>
         <size>0x3c</size>
      </object_component>
      <object_component id="oc-1ef">
         <name>.common:s_gyroXYZ</name>
         <uninitialized>true</uninitialized>
         <run_address>0x20000e86</run_address>
         <size>0x6</size>
      </object_component>
      <object_component id="oc-1ee">
         <name>.common:s_accelXYZ</name>
         <uninitialized>true</uninitialized>
         <run_address>0x20000e80</run_address>
         <size>0x6</size>
      </object_component>
      <object_component id="oc-1ed">
         <name>.common:s_magcompXYZ</name>
         <uninitialized>true</uninitialized>
         <run_address>0x20000e68</run_address>
         <size>0xc</size>
      </object_component>
      <object_component id="oc-1a9">
         <name>.common:T_act</name>
         <uninitialized>true</uninitialized>
         <run_address>0x20000ec0</run_address>
         <size>0x4</size>
      </object_component>
      <object_component id="oc-119">
         <name>.common:P_act</name>
         <uninitialized>true</uninitialized>
         <run_address>0x20000eb4</run_address>
         <size>0x4</size>
      </object_component>
      <object_component id="oc-11a">
         <name>.common:H_act</name>
         <uninitialized>true</uninitialized>
         <run_address>0x20000e9c</run_address>
         <size>0x4</size>
      </object_component>
      <object_component id="oc-110">
         <name>.common:POSX</name>
         <uninitialized>true</uninitialized>
         <run_address>0x20000eac</run_address>
         <size>0x4</size>
      </object_component>
      <object_component id="oc-111">
         <name>.common:POSY</name>
         <uninitialized>true</uninitialized>
         <run_address>0x20000eb0</run_address>
         <size>0x4</size>
      </object_component>
      <object_component id="oc-2c4">
         <name>.common:BufferXY</name>
         <uninitialized>true</uninitialized>
         <run_address>0x20000e90</run_address>
         <size>0x4</size>
      </object_component>
      <object_component id="oc-1a0">
         <name>.common:bufplaca</name>
         <uninitialized>true</uninitialized>
         <run_address>0x20000e10</run_address>
         <size>0x34</size>
      </object_component>
      <object_component id="oc-10d">
         <name>.common:RELOJ</name>
         <uninitialized>true</uninitialized>
         <run_address>0x20000eb8</run_address>
         <size>0x4</size>
      </object_component>
      <object_component id="oc-112">
         <name>.common:pulsado_manual</name>
         <uninitialized>true</uninitialized>
         <run_address>0x20000ef0</run_address>
         <size>0x4</size>
      </object_component>
      <object_component id="oc-113">
         <name>.common:pulsado_automatico</name>
         <uninitialized>true</uninitialized>
         <run_address>0x20000ee8</run_address>
         <size>0x4</size>
      </object_component>
      <object_component id="oc-116">
         <name>.common:pulsado_riego</name>
         <uninitialized>true</uninitialized>
         <run_address>0x20000ef4</run_address>
         <size>0x4</size>
      </object_component>
      <object_component id="oc-117">
         <name>.common:pulsado_toldo</name>
         <uninitialized>true</uninitialized>
         <run_address>0x20000ef8</run_address>
         <size>0x4</size>
      </object_component>
      <object_component id="oc-115">
         <name>.common:pulsado_info</name>
         <uninitialized>true</uninitialized>
         <run_address>0x20000eec</run_address>
         <size>0x4</size>
      </object_component>
      <object_component id="oc-114">
         <name>.common:pulsado_atras</name>
         <uninitialized>true</uninitialized>
         <run_address>0x20000ee4</run_address>
         <size>0x4</size>
      </object_component>
      <object_component id="oc-30e">
         <name>.common:I2C_Base</name>
         <uninitialized>true</uninitialized>
         <run_address>0x20000ea0</run_address>
         <size>0x4</size>
      </object_component>
      <object_component id="oc-32d">
         <name>.common:p_bme280</name>
         <uninitialized>true</uninitialized>
         <run_address>0x20000ee0</run_address>
         <size>0x4</size>
      </object_component>
      <object_component id="oc-371">
         <name>.common:s_bmi160</name>
         <uninitialized>true</uninitialized>
         <run_address>0x20000e44</run_address>
         <size>0x14</size>
      </object_component>
      <object_component id="oc-374">
         <name>.common:gyroxyz</name>
         <uninitialized>true</uninitialized>
         <run_address>0x20000e7a</run_address>
         <size>0x6</size>
      </object_component>
      <object_component id="oc-375">
         <name>.common:accelxyz</name>
         <uninitialized>true</uninitialized>
         <run_address>0x20000e74</run_address>
         <size>0x6</size>
      </object_component>
      <object_component id="oc-465">
         <name>.common:accel_fifo</name>
         <uninitialized>true</uninitialized>
         <run_address>0x2000026c</run_address>
         <size>0x36c</size>
      </object_component>
      <object_component id="oc-468">
         <name>.common:gyro_fifo</name>
         <uninitialized>true</uninitialized>
         <run_address>0x200005d8</run_address>
         <size>0x36c</size>
      </object_component>
      <object_component id="oc-469">
         <name>.common:mag_fifo</name>
         <uninitialized>true</uninitialized>
         <run_address>0x20000944</run_address>
         <size>0x36c</size>
      </object_component>
      <object_component id="oc-2a">
         <name>.stack</name>
         <uninitialized>true</uninitialized>
         <run_address>0x20000f14</run_address>
         <size>0x0</size>
         <input_file_ref idref="fl-d0"/>
      </object_component>
      <object_component id="oc-50d">
         <name>.stack</name>
         <uninitialized>true</uninitialized>
         <run_address>0x20000f14</run_address>
         <size>0x0</size>
      </object_component>
      <object_component id="oc-2be">
         <name>.debug_info</name>
         <load_address>0x0</load_address>
         <run_address>0x0</run_address>
         <size>0x5f9</size>
         <input_file_ref idref="fl-2"/>
      </object_component>
      <object_component id="oc-105">
         <name>.debug_info</name>
         <load_address>0x5f9</load_address>
         <run_address>0x5f9</run_address>
         <size>0x39f2</size>
         <input_file_ref idref="fl-2"/>
      </object_component>
      <object_component id="oc-ba">
         <name>.debug_info</name>
         <load_address>0x3feb</load_address>
         <run_address>0x3feb</run_address>
         <size>0x8b</size>
         <input_file_ref idref="fl-2"/>
      </object_component>
      <object_component id="oc-7c">
         <name>.debug_info</name>
         <load_address>0x4076</load_address>
         <run_address>0x4076</run_address>
         <size>0x18b</size>
         <input_file_ref idref="fl-2"/>
      </object_component>
      <object_component id="oc-10b">
         <name>.debug_info</name>
         <load_address>0x4201</load_address>
         <run_address>0x4201</run_address>
         <size>0x1896</size>
         <input_file_ref idref="fl-3"/>
      </object_component>
      <object_component id="oc-de">
         <name>.debug_info</name>
         <load_address>0x5a97</load_address>
         <run_address>0x5a97</run_address>
         <size>0x379</size>
         <input_file_ref idref="fl-3"/>
      </object_component>
      <object_component id="oc-1f1">
         <name>.debug_info</name>
         <load_address>0x5e10</load_address>
         <run_address>0x5e10</run_address>
         <size>0xce</size>
         <input_file_ref idref="fl-3"/>
      </object_component>
      <object_component id="oc-1f4">
         <name>.debug_info</name>
         <load_address>0x5ede</load_address>
         <run_address>0x5ede</run_address>
         <size>0xdc</size>
         <input_file_ref idref="fl-3"/>
      </object_component>
      <object_component id="oc-1f7">
         <name>.debug_info</name>
         <load_address>0x5fba</load_address>
         <run_address>0x5fba</run_address>
         <size>0xdc</size>
         <input_file_ref idref="fl-3"/>
      </object_component>
      <object_component id="oc-1fa">
         <name>.debug_info</name>
         <load_address>0x6096</load_address>
         <run_address>0x6096</run_address>
         <size>0xde</size>
         <input_file_ref idref="fl-3"/>
      </object_component>
      <object_component id="oc-1fd">
         <name>.debug_info</name>
         <load_address>0x6174</load_address>
         <run_address>0x6174</run_address>
         <size>0xdb</size>
         <input_file_ref idref="fl-3"/>
      </object_component>
      <object_component id="oc-200">
         <name>.debug_info</name>
         <load_address>0x624f</load_address>
         <run_address>0x624f</run_address>
         <size>0xdd</size>
         <input_file_ref idref="fl-3"/>
      </object_component>
      <object_component id="oc-203">
         <name>.debug_info</name>
         <load_address>0x632c</load_address>
         <run_address>0x632c</run_address>
         <size>0xdd</size>
         <input_file_ref idref="fl-3"/>
      </object_component>
      <object_component id="oc-db">
         <name>.debug_info</name>
         <load_address>0x6409</load_address>
         <run_address>0x6409</run_address>
         <size>0xc9</size>
         <input_file_ref idref="fl-3"/>
      </object_component>
      <object_component id="oc-d8">
         <name>.debug_info</name>
         <load_address>0x64d2</load_address>
         <run_address>0x64d2</run_address>
         <size>0xc9</size>
         <input_file_ref idref="fl-3"/>
      </object_component>
      <object_component id="oc-a8">
         <name>.debug_info</name>
         <load_address>0x659b</load_address>
         <run_address>0x659b</run_address>
         <size>0x5cf3</size>
         <input_file_ref idref="fl-3"/>
      </object_component>
      <object_component id="oc-206">
         <name>.debug_info</name>
         <load_address>0xc28e</load_address>
         <run_address>0xc28e</run_address>
         <size>0x19d</size>
         <input_file_ref idref="fl-3"/>
      </object_component>
      <object_component id="oc-2c8">
         <name>.debug_info</name>
         <load_address>0xc42b</load_address>
         <run_address>0xc42b</run_address>
         <size>0x87</size>
         <input_file_ref idref="fl-3"/>
      </object_component>
      <object_component id="oc-263">
         <name>.debug_info</name>
         <load_address>0xc4b2</load_address>
         <run_address>0xc4b2</run_address>
         <size>0x4e</size>
         <input_file_ref idref="fl-3"/>
      </object_component>
      <object_component id="oc-2cd">
         <name>.debug_info</name>
         <load_address>0xc500</load_address>
         <run_address>0xc500</run_address>
         <size>0x2c8</size>
         <input_file_ref idref="fl-3"/>
      </object_component>
      <object_component id="oc-2d2">
         <name>.debug_info</name>
         <load_address>0xc7c8</load_address>
         <run_address>0xc7c8</run_address>
         <size>0x3b5</size>
         <input_file_ref idref="fl-3"/>
      </object_component>
      <object_component id="oc-33">
         <name>.debug_info</name>
         <load_address>0xcb7d</load_address>
         <run_address>0xcb7d</run_address>
         <size>0x29c</size>
         <input_file_ref idref="fl-4"/>
      </object_component>
      <object_component id="oc-10">
         <name>.debug_info</name>
         <load_address>0xce19</load_address>
         <run_address>0xce19</run_address>
         <size>0xed</size>
         <input_file_ref idref="fl-4"/>
      </object_component>
      <object_component id="oc-2d">
         <name>.debug_info</name>
         <load_address>0xcf06</load_address>
         <run_address>0xcf06</run_address>
         <size>0x26c</size>
         <input_file_ref idref="fl-4"/>
      </object_component>
      <object_component id="oc-3a">
         <name>.debug_info</name>
         <load_address>0xd172</load_address>
         <run_address>0xd172</run_address>
         <size>0x84</size>
         <input_file_ref idref="fl-4"/>
      </object_component>
      <object_component id="oc-298">
         <name>.debug_info</name>
         <load_address>0xd1f6</load_address>
         <run_address>0xd1f6</run_address>
         <size>0x3d5</size>
         <input_file_ref idref="fl-5"/>
      </object_component>
      <object_component id="oc-28a">
         <name>.debug_info</name>
         <load_address>0xd5cb</load_address>
         <run_address>0xd5cb</run_address>
         <size>0xd8</size>
         <input_file_ref idref="fl-5"/>
      </object_component>
      <object_component id="oc-295">
         <name>.debug_info</name>
         <load_address>0xd6a3</load_address>
         <run_address>0xd6a3</run_address>
         <size>0xd2</size>
         <input_file_ref idref="fl-5"/>
      </object_component>
      <object_component id="oc-28d">
         <name>.debug_info</name>
         <load_address>0xd775</load_address>
         <run_address>0xd775</run_address>
         <size>0xe0</size>
         <input_file_ref idref="fl-5"/>
      </object_component>
      <object_component id="oc-287">
         <name>.debug_info</name>
         <load_address>0xd855</load_address>
         <run_address>0xd855</run_address>
         <size>0xe4</size>
         <input_file_ref idref="fl-5"/>
      </object_component>
      <object_component id="oc-100">
         <name>.debug_info</name>
         <load_address>0xd939</load_address>
         <run_address>0xd939</run_address>
         <size>0x781</size>
         <input_file_ref idref="fl-5"/>
      </object_component>
      <object_component id="oc-30f">
         <name>.debug_info</name>
         <load_address>0xe0ba</load_address>
         <run_address>0xe0ba</run_address>
         <size>0x4e9</size>
         <input_file_ref idref="fl-c"/>
      </object_component>
      <object_component id="oc-15f">
         <name>.debug_info</name>
         <load_address>0xe5a3</load_address>
         <run_address>0xe5a3</run_address>
         <size>0xcb3</size>
         <input_file_ref idref="fl-c"/>
      </object_component>
      <object_component id="oc-191">
         <name>.debug_info</name>
         <load_address>0xf256</load_address>
         <run_address>0xf256</run_address>
         <size>0x4e3</size>
         <input_file_ref idref="fl-d"/>
      </object_component>
      <object_component id="oc-32c">
         <name>.debug_info</name>
         <load_address>0xf739</load_address>
         <run_address>0xf739</run_address>
         <size>0x2e1</size>
         <input_file_ref idref="fl-e"/>
      </object_component>
      <object_component id="oc-329">
         <name>.debug_info</name>
         <load_address>0xfa1a</load_address>
         <run_address>0xfa1a</run_address>
         <size>0xc6</size>
         <input_file_ref idref="fl-e"/>
      </object_component>
      <object_component id="oc-195">
         <name>.debug_info</name>
         <load_address>0xfae0</load_address>
         <run_address>0xfae0</run_address>
         <size>0x59b</size>
         <input_file_ref idref="fl-e"/>
      </object_component>
      <object_component id="oc-32e">
         <name>.debug_info</name>
         <load_address>0x1007b</load_address>
         <run_address>0x1007b</run_address>
         <size>0x309</size>
         <input_file_ref idref="fl-f"/>
      </object_component>
      <object_component id="oc-19b">
         <name>.debug_info</name>
         <load_address>0x10384</load_address>
         <run_address>0x10384</run_address>
         <size>0x3f75</size>
         <input_file_ref idref="fl-f"/>
      </object_component>
      <object_component id="oc-340">
         <name>.debug_info</name>
         <load_address>0x142f9</load_address>
         <run_address>0x142f9</run_address>
         <size>0x338</size>
         <input_file_ref idref="fl-f"/>
      </object_component>
      <object_component id="oc-365">
         <name>.debug_info</name>
         <load_address>0x14631</load_address>
         <run_address>0x14631</run_address>
         <size>0x8ac</size>
         <input_file_ref idref="fl-10"/>
      </object_component>
      <object_component id="oc-368">
         <name>.debug_info</name>
         <load_address>0x14edd</load_address>
         <run_address>0x14edd</run_address>
         <size>0xd3</size>
         <input_file_ref idref="fl-10"/>
      </object_component>
      <object_component id="oc-1dc">
         <name>.debug_info</name>
         <load_address>0x14fb0</load_address>
         <run_address>0x14fb0</run_address>
         <size>0xbd2</size>
         <input_file_ref idref="fl-10"/>
      </object_component>
      <object_component id="oc-372">
         <name>.debug_info</name>
         <load_address>0x15b82</load_address>
         <run_address>0x15b82</run_address>
         <size>0xd71</size>
         <input_file_ref idref="fl-11"/>
      </object_component>
      <object_component id="oc-1e2">
         <name>.debug_info</name>
         <load_address>0x168f3</load_address>
         <run_address>0x168f3</run_address>
         <size>0x1b0a</size>
         <input_file_ref idref="fl-11"/>
      </object_component>
      <object_component id="oc-377">
         <name>.debug_info</name>
         <load_address>0x183fd</load_address>
         <run_address>0x183fd</run_address>
         <size>0x6d1</size>
         <input_file_ref idref="fl-11"/>
      </object_component>
      <object_component id="oc-37c">
         <name>.debug_info</name>
         <load_address>0x18ace</load_address>
         <run_address>0x18ace</run_address>
         <size>0x7d</size>
         <input_file_ref idref="fl-11"/>
      </object_component>
      <object_component id="oc-481">
         <name>.debug_info</name>
         <load_address>0x18b4b</load_address>
         <run_address>0x18b4b</run_address>
         <size>0x28</size>
         <input_file_ref idref="fl-11"/>
      </object_component>
      <object_component id="oc-466">
         <name>.debug_info</name>
         <load_address>0x18b73</load_address>
         <run_address>0x18b73</run_address>
         <size>0x4a3</size>
         <input_file_ref idref="fl-12"/>
      </object_component>
      <object_component id="oc-477">
         <name>.debug_info</name>
         <load_address>0x19016</load_address>
         <run_address>0x19016</run_address>
         <size>0xd9</size>
         <input_file_ref idref="fl-12"/>
      </object_component>
      <object_component id="oc-460">
         <name>.debug_info</name>
         <load_address>0x190ef</load_address>
         <run_address>0x190ef</run_address>
         <size>0xcc</size>
         <input_file_ref idref="fl-12"/>
      </object_component>
      <object_component id="oc-46e">
         <name>.debug_info</name>
         <load_address>0x191bb</load_address>
         <run_address>0x191bb</run_address>
         <size>0xcc</size>
         <input_file_ref idref="fl-12"/>
      </object_component>
      <object_component id="oc-46b">
         <name>.debug_info</name>
         <load_address>0x19287</load_address>
         <run_address>0x19287</run_address>
         <size>0x12c</size>
         <input_file_ref idref="fl-12"/>
      </object_component>
      <object_component id="oc-471">
         <name>.debug_info</name>
         <load_address>0x193b3</load_address>
         <run_address>0x193b3</run_address>
         <size>0xd4</size>
         <input_file_ref idref="fl-12"/>
      </object_component>
      <object_component id="oc-463">
         <name>.debug_info</name>
         <load_address>0x19487</load_address>
[...]
         <object_component_ref idref="oc-170"/>
      </symbol>
      <symbol id="sm-fd3">
         <name>GPIOPinTypeI2C</name>
         <value>0x1a2c5</value>
         <object_component_ref idref="oc-176"/>
      </symbol>
      <symbol id="sm-fd4">
         <name>GPIOPinTypeUART</name>
         <value>0x1a2fb</value>
         <object_component_ref idref="oc-188"/>
      </symbol>
      <symbol id="sm-fd5">
         <name>GPIOPinTypeGPIOOutput</name>
         <value>0x1a1fd</value>
         <object_component_ref idref="oc-e6"/>
      </symbol>
      <symbol id="sm-fd6">
         <name>GPIODirModeSet</name>
         <value>0x1a157</value>
         <object_component_ref idref="oc-23c"/>
      </symbol>
      <symbol id="sm-fd7">
         <name>GPIOPinWrite</name>
         <value>0x1a3cd</value>
         <object_component_ref idref="oc-d0"/>
      </symbol>
      <symbol id="sm-fd8">
         <name>GPIOPadConfigSet</name>
         <value>0x190b7</value>
         <object_component_ref idref="oc-236"/>
      </symbol>
      <symbol id="sm-fd9">
         <name>GPIOPinTypeSSI</name>
         <value>0x1a2e9</value>
         <object_component_ref idref="oc-299"/>
      </symbol>
      <symbol id="sm-101a">
         <name>I2CMasterDataPut</name>
         <value>0x1a3e7</value>
         <object_component_ref idref="oc-152"/>
      </symbol>
      <symbol id="sm-101b">
         <name>I2CMasterInitExpClk</name>
         <value>0x19d85</value>
         <object_component_ref idref="oc-17c"/>
      </symbol>
      <symbol id="sm-101c">
         <name>I2CMasterSlaveAddrSet</name>
         <value>0x1a3b5</value>
         <object_component_ref idref="oc-f2"/>
      </symbol>
      <symbol id="sm-101d">
         <name>I2CMasterDataGet</name>
         <value>0x1a3e3</value>
         <object_component_ref idref="oc-164"/>
      </symbol>
      <symbol id="sm-101e">
         <name>I2CMasterControl</name>
         <value>0x1a3df</value>
         <object_component_ref idref="oc-158"/>
      </symbol>
      <symbol id="sm-101f">
         <name>I2CMasterBusy</name>
         <value>0x1a3ad</value>
         <object_component_ref idref="oc-308"/>
      </symbol>
      <symbol id="sm-1020">
         <name>I2CMasterEnable</name>
         <value>0x1a37b</value>
         <object_component_ref idref="oc-182"/>
      </symbol>
      <symbol id="sm-1062">
         <name>IntEnable</name>
         <value>0x19a95</value>
         <object_component_ref idref="oc-1c2"/>
      </symbol>
      <symbol id="sm-1063">
         <name>IntRegister</name>
         <value>0x1a0c1</value>
         <object_component_ref idref="oc-34f"/>
      </symbol>
      <symbol id="sm-1064">
         <name>g_pfnRAMVectors</name>
         <value>0x20000000</value>
         <object_component_ref idref="oc-452"/>
      </symbol>
      <symbol id="sm-1065">
         <name>IntMasterEnable</name>
         <value>0x1a31f</value>
         <object_component_ref idref="oc-1ce"/>
      </symbol>
      <symbol id="sm-1095">
         <name>SSIDataPut</name>
         <value>0x1a385</value>
         <object_component_ref idref="oc-2ab"/>
      </symbol>
      <symbol id="sm-1096">
         <name>SSIDataGet</name>
         <value>0x1a357</value>
         <object_component_ref idref="oc-2b7"/>
      </symbol>
      <symbol id="sm-1097">
         <name>SSIConfigSetExpClk</name>
         <value>0x1a013</value>
         <object_component_ref idref="oc-29f"/>
      </symbol>
      <symbol id="sm-1098">
         <name>SSIEnable</name>
         <value>0x1a38f</value>
         <object_component_ref idref="oc-2a5"/>
      </symbol>
      <symbol id="sm-1099">
         <name>SSIBusy</name>
         <value>0x1a3bd</value>
         <object_component_ref idref="oc-2b1"/>
      </symbol>
      <symbol id="sm-1113">
         <name>SysCtlPeripheralPresent</name>
         <value>0x1a051</value>
         <object_component_ref idref="oc-268"/>
      </symbol>
      <symbol id="sm-1114">
         <name>SysCtlDelay</name>
         <value>0x1a3d3</value>
         <object_component_ref idref="oc-d6"/>
      </symbol>
      <symbol id="sm-1115">
         <name>SysCtlPeripheralEnable</name>
         <value>0x1a0f5</value>
         <object_component_ref idref="oc-e0"/>
      </symbol>
      <symbol id="sm-1116">
         <name>SysCtlClockFreqSet</name>
         <value>0x188fd</value>
         <object_component_ref idref="oc-ec"/>
      </symbol>
      <symbol id="sm-1179">
         <name>TimerLoadSet</name>
         <value>0x1a30d</value>
         <object_component_ref idref="oc-1b6"/>
      </symbol>
      <symbol id="sm-117a">
         <name>TimerIntRegister</name>
         <value>0x1a215</value>
         <object_component_ref idref="oc-1bc"/>
      </symbol>
      <symbol id="sm-117b">
         <name>TimerEnable</name>
         <value>0x1a32f</value>
         <object_component_ref idref="oc-1d4"/>
      </symbol>
      <symbol id="sm-117c">
         <name>TimerIntEnable</name>
         <value>0x1a3c5</value>
         <object_component_ref idref="oc-1c8"/>
      </symbol>
      <symbol id="sm-117d">
         <name>TimerClockSourceSet</name>
         <value>0x1a3d9</value>
         <object_component_ref idref="oc-1aa"/>
      </symbol>
      <symbol id="sm-117e">
         <name>TimerConfigure</name>
         <value>0x19bc9</value>
         <object_component_ref idref="oc-1b0"/>
      </symbol>
      <symbol id="sm-117f">
         <name>TimerIntClear</name>
         <value>0x1a3eb</value>
         <object_component_ref idref="oc-1e7"/>
      </symbol>
      <symbol id="sm-11b2">
         <name>UARTConfigSetExpClk</name>
         <value>0x19f8d</value>
         <object_component_ref idref="oc-26e"/>
      </symbol>
      <symbol id="sm-11b3">
         <name>UARTDisable</name>
         <value>0x1a181</value>
         <object_component_ref idref="oc-3ee"/>
      </symbol>
      <symbol id="sm-11b4">
         <name>UARTCharPut</name>
         <value>0x1a3a3</value>
         <object_component_ref idref="oc-27a"/>
      </symbol>
      <symbol id="sm-11b5">
         <name>UARTEnable</name>
         <value>0x1a273</value>
         <object_component_ref idref="oc-274"/>
      </symbol>
      <symbol id="sm-11b6">
         <name>UARTCharGet</name>
         <value>0x1a399</value>
         <object_component_ref idref="oc-280"/>
      </symbol>
      <symbol id="sm-11c0">
         <name>CPUcpsie</name>
         <value>0x1a34b</value>
         <object_component_ref idref="oc-35c"/>
      </symbol>
      <symbol id="sm-11d1">
         <name>_c_int00</name>
         <value>0x19c89</value>
         <object_component_ref idref="oc-24"/>
      </symbol>
      <symbol id="sm-11d2">
         <name>__stack</name>
         <value>0x20000f14</value>
         <object_component_ref idref="oc-2a"/>
      </symbol>
      <symbol id="sm-11f0">
         <name>__TI_decompress_lzss</name>
         <value>0x19afd</value>
         <object_component_ref idref="oc-12"/>
      </symbol>
      <symbol id="sm-1207">
         <name>__TI_decompress_none</name>
         <value>0x1a33d</value>
         <object_component_ref idref="oc-18"/>
      </symbol>
      <symbol id="sm-121e">
         <name>__TI_zero_init</name>
         <value>0x1a363</value>
         <object_component_ref idref="oc-1e"/>
      </symbol>
      <symbol id="sm-123f">
         <name>C$$EXIT</name>
         <value>0x19cdd</value>
         <object_component_ref idref="oc-6f"/>
      </symbol>
      <symbol id="sm-1240">
         <name>abort</name>
         <value>0x19ce1</value>
         <object_component_ref idref="oc-6f"/>
      </symbol>
      <symbol id="sm-1241">
         <name>exit</name>
         <value>0x19ce9</value>
         <object_component_ref idref="oc-6f"/>
      </symbol>
      <symbol id="sm-1242">
         <name>__TI_dtors_ptr</name>
         <value>0x20001bb8</value>
         <object_component_ref idref="oc-af"/>
      </symbol>
      <symbol id="sm-1243">
         <name>__TI_cleanup_ptr</name>
         <value>0x20001bb4</value>
         <object_component_ref idref="oc-af"/>
      </symbol>
      <symbol id="sm-1244">
         <name>__TI_enable_exit_profile_output</name>
         <value>0x20001bbc</value>
         <object_component_ref idref="oc-af"/>
      </symbol>
      <symbol id="sm-125b">
         <name>__aeabi_dsub</name>
         <value>0x18ae9</value>
         <object_component_ref idref="oc-14c"/>
      </symbol>
      <symbol id="sm-125c">
         <name>__aeabi_dadd</name>
         <value>0x18af3</value>
         <object_component_ref idref="oc-14c"/>
      </symbol>
      <symbol id="sm-127e">
         <name>__aeabi_cdcmpeq</name>
         <value>0x1982d</value>
         <object_component_ref idref="oc-2e2"/>
      </symbol>
      <symbol id="sm-127f">
         <name>__aeabi_cdcmple</name>
         <value>0x1982d</value>
         <object_component_ref idref="oc-2e2"/>
      </symbol>
      <symbol id="sm-1280">
         <name>__aeabi_cdrcmple</name>
         <value>0x198b3</value>
         <object_component_ref idref="oc-330"/>
      </symbol>
      <symbol id="sm-1294">
         <name>__aeabi_ddiv</name>
         <value>0x18f81</value>
         <object_component_ref idref="oc-126"/>
      </symbol>
      <symbol id="sm-129f">
         <name>__aeabi_dmul</name>
         <value>0x19309</value>
         <object_component_ref idref="oc-121"/>
      </symbol>
      <symbol id="sm-12a9">
         <name>__aeabi_d2iz</name>
         <value>0x19f45</value>
         <object_component_ref idref="oc-13b"/>
      </symbol>
      <symbol id="sm-12b5">
         <name>__aeabi_d2f</name>
         <value>0x19a25</value>
         <object_component_ref idref="oc-12b"/>
      </symbol>
      <symbol id="sm-12c0">
         <name>__aeabi_f2d</name>
         <value>0x1a089</value>
         <object_component_ref idref="oc-130"/>
      </symbol>
      <symbol id="sm-12ca">
         <name>__aeabi_i2d</name>
         <value>0x1a129</value>
         <object_component_ref idref="oc-11c"/>
      </symbol>
      <symbol id="sm-12e9">
         <name>__aeabi_ldivmod</name>
         <value>0x182ed</value>
         <object_component_ref idref="oc-33a"/>
      </symbol>
      <symbol id="sm-12f2">
         <name>__aeabi_lmul</name>
         <value>0x1a245</value>
         <object_component_ref idref="oc-335"/>
      </symbol>
      <symbol id="sm-130d">
         <name>memcpy</name>
         <value>0x19791</value>
         <object_component_ref idref="oc-3f"/>
      </symbol>
      <symbol id="sm-130e">
         <name>__aeabi_memcpy</name>
         <value>0x19791</value>
         <object_component_ref idref="oc-3f"/>
      </symbol>
      <symbol id="sm-130f">
         <name>__aeabi_memcpy8</name>
         <value>0x19791</value>
         <object_component_ref idref="oc-3f"/>
      </symbol>
      <symbol id="sm-1310">
         <name>__aeabi_memcpy4</name>
         <value>0x19791</value>
         <object_component_ref idref="oc-3f"/>
      </symbol>
      <symbol id="sm-131f">
         <name>__aeabi_memset</name>
         <value>0x1993b</value>
         <object_component_ref idref="oc-4b"/>
      </symbol>
      <symbol id="sm-1320">
         <name>memset</name>
         <value>0x19941</value>
         <object_component_ref idref="oc-4b"/>
      </symbol>
      <symbol id="sm-1321">
         <name>__aeabi_memset8</name>
         <value>0x1993b</value>
         <object_component_ref idref="oc-4b"/>
      </symbol>
      <symbol id="sm-1322">
         <name>__aeabi_memset4</name>
         <value>0x1993b</value>
         <object_component_ref idref="oc-4b"/>
      </symbol>
      <symbol id="sm-1323">
         <name>__aeabi_memclr8</name>
         <value>0x19939</value>
         <object_component_ref idref="oc-4b"/>
      </symbol>
      <symbol id="sm-1324">
         <name>__aeabi_memclr4</name>
         <value>0x19939</value>
         <object_component_ref idref="oc-4b"/>
      </symbol>
      <symbol id="sm-1325">
         <name>__aeabi_memclr</name>
         <value>0x19939</value>
         <object_component_ref idref="oc-4b"/>
      </symbol>
      <symbol id="sm-132f">
         <name>__mpu_init</name>
         <value>0x18c9f</value>
         <object_component_ref idref="oc-57"/>
      </symbol>
      <symbol id="sm-1339">
         <name>_system_pre_init</name>
         <value>0x1a3ef</value>
         <object_component_ref idref="oc-5d"/>
      </symbol>
      <symbol id="sm-138f">
         <name>cosl</name>
         <value>0x16c31</value>
         <object_component_ref idref="oc-135"/>
      </symbol>
      <symbol id="sm-1390">
         <name>cos</name>
         <value>0x16c31</value>
         <object_component_ref idref="oc-135"/>
      </symbol>
      <symbol id="sm-13c7">
         <name>exp2l</name>
         <value>0x1850d</value>
         <object_component_ref idref="oc-321"/>
      </symbol>
      <symbol id="sm-13c8">
         <name>exp2</name>
         <value>0x1850d</value>
         <object_component_ref idref="oc-321"/>
      </symbol>
      <symbol id="sm-13e0">
         <name>roundl</name>
         <value>0x196d1</value>
         <object_component_ref idref="oc-146"/>
      </symbol>
      <symbol id="sm-13e1">
         <name>round</name>
         <value>0x196d1</value>
         <object_component_ref idref="oc-146"/>
      </symbol>
      <symbol id="sm-142d">
         <name>sin</name>
         <value>0x1720d</value>
         <object_component_ref idref="oc-140"/>
      </symbol>
      <symbol id="sm-142e">
         <name>sinl</name>
         <value>0x1720d</value>
         <object_component_ref idref="oc-140"/>
      </symbol>
      <symbol id="sm-1447">
         <name>sprintf</name>
         <value>0x19c29</value>
         <object_component_ref idref="oc-f8"/>
      </symbol>
      <symbol id="sm-144f">
         <name>main_func_sp</name>
         <value>0x20001bdc</value>
         <object_component_ref idref="oc-75"/>
      </symbol>
      <symbol id="sm-145e">
         <name>__aeabi_uidivmod</name>
         <value>0x19fd3</value>
         <object_component_ref idref="oc-28f"/>
      </symbol>
      <symbol id="sm-145f">
         <name>__aeabi_uidiv</name>
         <value>0x19fd3</value>
         <object_component_ref idref="oc-28f"/>
      </symbol>
      <symbol id="sm-1469">
         <name>__aeabi_ui2d</name>
         <value>0x1a1c1</value>
         <object_component_ref idref="oc-31c"/>
      </symbol>
      <symbol id="sm-1482">
         <name>_nop</name>
         <value>0x1a297</value>
         <object_component_ref idref="oc-214"/>
      </symbol>
      <symbol id="sm-1483">
         <name>_lock</name>
         <value>0x20001bc0</value>
         <object_component_ref idref="oc-b2"/>
      </symbol>
      <symbol id="sm-1484">
         <name>_unlock</name>
         <value>0x20001bc4</value>
         <object_component_ref idref="oc-b2"/>
      </symbol>
      <symbol id="sm-1485">
         <name>_register_lock</name>
         <value>0x1a28f</value>
         <object_component_ref idref="oc-214"/>
      </symbol>
      <symbol id="sm-1486">
         <name>_register_unlock</name>
         <value>0x1a289</value>
         <object_component_ref idref="oc-214"/>
      </symbol>
      <symbol id="sm-1587">
         <name>__TI_printfi</name>
         <value>0x14145</value>
         <object_component_ref idref="oc-25b"/>
      </symbol>
      <symbol id="sm-159b">
         <name>_args_main</name>
         <value>0x1a22d</value>
         <object_component_ref idref="oc-69"/>
      </symbol>
      <symbol id="sm-15b1">
         <name>atoi</name>
         <value>0x19e1d</value>
         <object_component_ref idref="oc-3ce"/>
      </symbol>
      <symbol id="sm-15db">
         <name>__TI_auto_init</name>
         <value>0x199b5</value>
         <object_component_ref idref="oc-63"/>
      </symbol>
      <symbol id="sm-15f5">
         <name>copy_in</name>
         <value>0x19e69</value>
         <object_component_ref idref="oc-99"/>
      </symbol>
      <symbol id="sm-1600">
         <name>_ctypes_</name>
         <value>0x32300</value>
         <object_component_ref idref="oc-498"/>
      </symbol>
      <symbol id="sm-1608">
         <name>errno</name>
         <value>0x20001bd8</value>
         <object_component_ref idref="oc-432"/>
      </symbol>
      <symbol id="sm-1612">
         <name>__aeabi_idiv0</name>
         <value>0x14a3f</value>
         <object_component_ref idref="oc-3ff"/>
      </symbol>
      <symbol id="sm-1628">
         <name>__kernel_cos</name>
         <value>0x18e15</value>
         <object_component_ref idref="oc-2dc"/>
      </symbol>
      <symbol id="sm-1691">
         <name>__kernel_rem_pio2</name>
         <value>0x164f9</value>
         <object_component_ref idref="oc-2e7"/>
      </symbol>
      <symbol id="sm-16a8">
         <name>__kernel_sin</name>
         <value>0x18ca1</value>
         <object_component_ref idref="oc-2ed"/>
      </symbol>
      <symbol id="sm-16b2">
         <name>__aeabi_ldiv0</name>
         <value>0x1850b</value>
         <object_component_ref idref="oc-442"/>
      </symbol>
      <symbol id="sm-16c1">
         <name>ltoa</name>
         <value>0x19d31</value>
         <object_component_ref idref="oc-3b6"/>
      </symbol>
      <symbol id="sm-16d1">
         <name>memccpy</name>
         <value>0x1a1e1</value>
         <object_component_ref idref="oc-3d4"/>
      </symbol>
      <symbol id="sm-16ee">
         <name>floorl</name>
         <value>0x19501</value>
         <object_component_ref idref="oc-2fd"/>
      </symbol>
      <symbol id="sm-16ef">
         <name>floor</name>
         <value>0x19501</value>
         <object_component_ref idref="oc-2fd"/>
      </symbol>
      <symbol id="sm-1705">
         <name>frexpl</name>
         <value>0x19b65</value>
         <object_component_ref idref="oc-3bc"/>
      </symbol>
      <symbol id="sm-1706">
         <name>frexp</name>
         <value>0x19b65</value>
         <object_component_ref idref="oc-3bc"/>
      </symbol>
      <symbol id="sm-1723">
         <name>scalbn</name>
         <value>0x19405</value>
         <object_component_ref idref="oc-3c2"/>
      </symbol>
      <symbol id="sm-1724">
         <name>scalbnl</name>
         <value>0x19405</value>
         <object_component_ref idref="oc-3c2"/>
      </symbol>
      <symbol id="sm-1725">
         <name>ldexpl</name>
         <value>0x19405</value>
         <object_component_ref idref="oc-3c2"/>
      </symbol>
      <symbol id="sm-1726">
         <name>ldexp</name>
         <value>0x19405</value>
         <object_component_ref idref="oc-3c2"/>
      </symbol>
      <symbol id="sm-1730">
         <name>_system_post_cinit</name>
         <value>0x199b3</value>
         <object_component_ref idref="oc-9f"/>
      </symbol>
      <symbol id="sm-1740">
         <name>strchr</name>
         <value>0x1a25d</value>
         <object_component_ref idref="oc-3c8"/>
      </symbol>
      <symbol id="sm-174e">
         <name>strlen</name>
         <value>0x1a2b1</value>
         <object_component_ref idref="oc-3b0"/>
      </symbol>
      <symbol id="sm-176a">
         <name>__aeabi_uldivmod</name>
         <value>0x18709</value>
         <object_component_ref idref="oc-3ab"/>
      </symbol>
      <symbol id="sm-1774">
         <name>copysign</name>
         <value>0x1a29d</value>
         <object_component_ref idref="oc-48e"/>
      </symbol>
      <symbol id="sm-1775">
         <name>copysignl</name>
         <value>0x1a29d</value>
         <object_component_ref idref="oc-48e"/>
      </symbol>
      <symbol id="sm-1776">
         <name>__TI_static_base__</name>
         <value>0x0</value>
      </symbol>
      <symbol id="sm-1779">
         <name>SHT$$INIT_ARRAY$$Limit</name>
         <value>0x0</value>
      </symbol>
      <symbol id="sm-177a">
         <name>SHT$$INIT_ARRAY$$Base</name>
         <value>0x0</value>
      </symbol>
   </symbol_table>
   <title>Link successful</title>
</link_info>
